ERROR conda.cli.main_run:execute(47): `conda run env PYTHONNOUSERSITE=1 PYTHONDONTWRITEBYTECODE=1 mypy src/spVIPESmulti` failed. (See above for error)
src/spVIPESmulti/data/_types.py:5: error: Skipping analyzing "anndata": module is installed, but missing library stubs or py.typed marker  [import-untyped]
src/spVIPESmulti/data/_types.py:6: error: Skipping analyzing "mudata": module is installed, but missing library stubs or py.typed marker  [import-untyped]
src/spVIPESmulti/_siteguard.py:53: error: Incompatible types in assignment (expression has type "tuple[()]", variable has type "str")  [assignment]
src/spVIPESmulti/utils.py:25: error: Library stubs not installed for "pandas"  [import-untyped]
src/spVIPESmulti/utils.py:28: error: Skipping analyzing "anndata": module is installed, but missing library stubs or py.typed marker  [import-untyped]
src/spVIPESmulti/utils.py:84: error: Skipping analyzing "scanpy": module is installed, but missing library stubs or py.typed marker  [import-untyped]
src/spVIPESmulti/utils.py:93: error: Library stubs not installed for "scipy.sparse"  [import-untyped]
src/spVIPESmulti/utils.py:93: error: Library stubs not installed for "scipy"  [import-untyped]
src/spVIPESmulti/utils.py:345: error: Dict entry 0 has incompatible type "str": "int"; expected "str": "None"  [dict-item]
src/spVIPESmulti/utils.py:346: error: Dict entry 1 has incompatible type "str": "int"; expected "str": "None"  [dict-item]
src/spVIPESmulti/utils.py:347: error: Dict entry 2 has incompatible type "str": "float"; expected "str": "None"  [dict-item]
src/spVIPESmulti/utils.py:368: error: Incompatible return value type (got "tuple[Any, dict[str, list[str] | int | None]]", expected "tuple[Any, dict[str, object]]")  [return-value]
src/spVIPESmulti/utils.py:436: error: "object" has no attribute "get_loadings"  [attr-defined]
src/spVIPESmulti/data/prepare_adatas.py:3: error: Skipping analyzing "anndata": module is installed, but missing library stubs or py.typed marker  [import-untyped]
src/spVIPESmulti/data/prepare_adatas.py:5: error: Library stubs not installed for "scipy.sparse"  [import-untyped]
src/spVIPESmulti/data/prepare_adatas.py:107: error: Need type annotation for "groups_obs" (hint: "groups_obs: dict[<type>, <type>] = ...")  [var-annotated]
src/spVIPESmulti/data/prepare_adatas.py:161: error: Need type annotation for "indices" (hint: "indices: list[<type>] = ...")  [var-annotated]
src/spVIPESmulti/data/prepare_adatas.py:269: error: Need type annotation for "groups_modality_lengths" (hint: "groups_modality_lengths: dict[<type>, <type>] = ...")  [var-annotated]
src/spVIPESmulti/data/prepare_adatas.py:271: error: Need type annotation for "group_modality_var_prefixes" (hint: "group_modality_var_prefixes: dict[<type>, <type>] = ...")  [var-annotated]
src/spVIPESmulti/data/prepare_adatas.py:348: error: Need type annotation for "groups_modality_var_indices" (hint: "groups_modality_var_indices: dict[<type>, <type>] = ...")  [var-annotated]
src/spVIPESmulti/data/prepare_adatas.py:376: error: Incompatible types in assignment (expression has type "list[Never]", variable has type "ndarray[tuple[Any, ...], dtype[signedinteger[_32Bit | _64Bit]]]")  [assignment]
src/spVIPESmulti/data/prepare_adatas.py:379: error: "ndarray[tuple[Any, ...], dtype[signedinteger[_32Bit | _64Bit]]]" has no attribute "extend"  [attr-defined]
src/spVIPESmulti/pl.py:43: error: Library stubs not installed for "pandas"  [import-untyped]
src/spVIPESmulti/pl.py:55: error: Skipping analyzing "anndata": module is installed, but missing library stubs or py.typed marker  [import-untyped]
src/spVIPESmulti/pl.py:107: error: Library stubs not installed for "seaborn"  [import-untyped]
src/spVIPESmulti/pl.py:107: note: Hint: "python3 -m pip install types-seaborn"
src/spVIPESmulti/pl.py:196: error: Skipping analyzing "scanpy": module is installed, but missing library stubs or py.typed marker  [import-untyped]
src/spVIPESmulti/pl.py:364: error: "object" has no attribute "history"  [attr-defined]
src/spVIPESmulti/traversal.py:20: error: Library stubs not installed for "pandas"  [import-untyped]
src/spVIPESmulti/module/utils.py:2: error: Skipping analyzing "scvi.distributions": module is installed, but missing library stubs or py.typed marker  [import-untyped]
src/spVIPESmulti/data/_utils.py:6: error: Skipping analyzing "h5py": module is installed, but missing library stubs or py.typed marker  [import-untyped]
src/spVIPESmulti/data/_utils.py:8: error: Library stubs not installed for "pandas"  [import-untyped]
src/spVIPESmulti/data/_utils.py:9: error: Library stubs not installed for "scipy.sparse"  [import-untyped]
src/spVIPESmulti/data/_utils.py:9: note: Hint: "python3 -m pip install scipy-stubs"
src/spVIPESmulti/data/_utils.py:9: error: Library stubs not installed for "scipy"  [import-untyped]
src/spVIPESmulti/data/_utils.py:10: error: Skipping analyzing "anndata": module is installed, but missing library stubs or py.typed marker  [import-untyped]
src/spVIPESmulti/data/_utils.py:19: error: Skipping analyzing "anndata._core.sparse_dataset": module is installed, but missing library stubs or py.typed marker  [import-untyped]
src/spVIPESmulti/data/_utils.py:21: error: Name "SparseDataset" already defined (possibly by an import)  [no-redef]
src/spVIPESmulti/data/_utils.py:26: error: Skipping analyzing "anndata.experimental": module is installed, but missing library stubs or py.typed marker  [import-untyped]
src/spVIPESmulti/data/_utils.py:28: error: Skipping analyzing "anndata._io.specs": module is installed, but missing library stubs or py.typed marker  [import-untyped]
src/spVIPESmulti/data/_utils.py:30: error: Skipping analyzing "mudata": module is installed, but missing library stubs or py.typed marker  [import-untyped]
src/spVIPESmulti/data/_utils.py:31: error: Library stubs not installed for "pandas.api.types"  [import-untyped]
src/spVIPESmulti/data/_utils.py:32: error: Skipping analyzing "scvi": module is installed, but missing library stubs or py.typed marker  [import-untyped]
src/spVIPESmulti/data/_utils.py:119: error: Item "ndarray[tuple[Any, ...], dtype[Any]]" of "ndarray[tuple[Any, ...], dtype[Any]] | Any" has no attribute "getformat"  [union-attr]
src/spVIPESmulti/data/fields/_base_field.py:5: error: Library stubs not installed for "pandas"  [import-untyped]
src/spVIPESmulti/data/fields/_base_field.py:5: note: Hint: "python3 -m pip install pandas-stubs"
src/spVIPESmulti/data/fields/_base_field.py:5: note: (or run "mypy --install-types" to install all missing stub packages)
src/spVIPESmulti/data/fields/_base_field.py:5: note: See https://mypy.readthedocs.io/en/stable/running_mypy.html#missing-imports
src/spVIPESmulti/data/_manager.py:12: error: Library stubs not installed for "pandas"  [import-untyped]
src/spVIPESmulti/data/_manager.py:14: error: Skipping analyzing "scvi": module is installed, but missing library stubs or py.typed marker  [import-untyped]
src/spVIPESmulti/data/_manager.py:15: error: Skipping analyzing "mudata": module is installed, but missing library stubs or py.typed marker  [import-untyped]
src/spVIPESmulti/data/_manager.py:18: error: Skipping analyzing "scvi.data": module is installed, but missing library stubs or py.typed marker  [import-untyped]
src/spVIPESmulti/data/_manager.py:19: error: Skipping analyzing "scvi.utils": module is installed, but missing library stubs or py.typed marker  [import-untyped]
src/spVIPESmulti/data/_manager.py:192: error: Missing positional argument "self" in call to "get_data_registry" of "BaseAnnDataField"  [call-arg]
src/spVIPESmulti/data/_manager.py:199: error: Function "is_empty" could always be true in boolean context  [truthy-function]
src/spVIPESmulti/data/_manager.py:213: error: Missing positional argument "state_registry" in call to "get_summary_stats" of "BaseAnnDataField"  [call-arg]
src/spVIPESmulti/data/_manager.py:270: error: "None" has no attribute "uns"  [attr-defined]
src/spVIPESmulti/data/_manager.py:309: error: Incompatible default for parameter "indices" (default has type "None", parameter has type "Sequence[int] | Sequence[bool]")  [assignment]
src/spVIPESmulti/data/_manager.py:309: note: PEP 484 prohibits implicit Optional. Accordingly, mypy has changed its default to no_implicit_optional=True
src/spVIPESmulti/data/_manager.py:309: note: Use https://github.com/hauntsaninja/no_implicit_optional to automatically upgrade your codebase
src/spVIPESmulti/data/_manager.py:413: error: "IO[str]" has no attribute "getvalue"  [attr-defined]
src/spVIPESmulti/data/_manager.py:456: error: "IO[str]" has no attribute "getvalue"  [attr-defined]
src/spVIPESmulti/data/_manager.py:500: error: Argument 1 to "get_state_registry" of "AnnDataManager" has incompatible type "Callable[[BaseAnnDataField], str]"; expected "str"  [arg-type]
src/spVIPESmulti/data/_manager.py:501: error: Missing positional argument "state_registry" in call to "view_state_registry" of "BaseAnnDataField"  [call-arg]
src/spVIPESmulti/nn/networks.py:6: error: Skipping analyzing "scvi.nn": module is installed, but missing library stubs or py.typed marker  [import-untyped]
src/spVIPESmulti/nn/networks.py:64: error: Incompatible default for parameter "n_cat_list" (default has type "None", parameter has type "Iterable[int]")  [assignment]
src/spVIPESmulti/nn/networks.py:64: note: PEP 484 prohibits implicit Optional. Accordingly, mypy has changed its default to no_implicit_optional=True
src/spVIPESmulti/nn/networks.py:64: note: Use https://github.com/hauntsaninja/no_implicit_optional to automatically upgrade your codebase
src/spVIPESmulti/nn/networks.py:65: error: Incompatible default for parameter "groups" (default has type "None", parameter has type "str")  [assignment]
src/spVIPESmulti/nn/networks.py:65: note: PEP 484 prohibits implicit Optional. Accordingly, mypy has changed its default to no_implicit_optional=True
src/spVIPESmulti/nn/networks.py:65: note: Use https://github.com/hauntsaninja/no_implicit_optional to automatically upgrade your codebase
src/spVIPESmulti/nn/networks.py:105: error: Argument 1 to "constant_" has incompatible type "Tensor | Module"; expected "Tensor"  [arg-type]
src/spVIPESmulti/nn/networks.py:135: error: "int" has no attribute "size"  [attr-defined]
src/spVIPESmulti/nn/networks.py:136: error: Argument 1 to "one_hot" has incompatible type "int"; expected "Tensor"  [arg-type]
src/spVIPESmulti/nn/networks.py:138: error: Incompatible types in assignment (expression has type "int", variable has type "Tensor")  [assignment]
src/spVIPESmulti/nn/networks.py:223: error: Incompatible default for parameter "n_cat_list" (default has type "None", parameter has type "Iterable[int]")  [assignment]
src/spVIPESmulti/nn/networks.py:223: note: PEP 484 prohibits implicit Optional. Accordingly, mypy has changed its default to no_implicit_optional=True
src/spVIPESmulti/nn/networks.py:223: note: Use https://github.com/hauntsaninja/no_implicit_optional to automatically upgrade your codebase
src/spVIPESmulti/dataloaders/_ann_dataloader.py:49: error: Incompatible default for parameter "indices" (default has type "None", parameter has type "Sequence[int] | Sequence[bool]")  [assignment]
src/spVIPESmulti/dataloaders/_ann_dataloader.py:49: note: PEP 484 prohibits implicit Optional. Accordingly, mypy has changed its default to no_implicit_optional=True
src/spVIPESmulti/dataloaders/_ann_dataloader.py:49: note: Use https://github.com/hauntsaninja/no_implicit_optional to automatically upgrade your codebase
src/spVIPESmulti/dataloaders/_ann_dataloader.py:60: error: "Sequence[int]" has no attribute "dtype"  [attr-defined]
src/spVIPESmulti/dataloaders/_ann_dataloader.py:61: error: Incompatible types in assignment (expression has type "ndarray[tuple[int], dtype[signedinteger[_32Bit | _64Bit]]]", variable has type "Sequence[int] | Sequence[bool]")  [assignment]
src/spVIPESmulti/dataloaders/_ann_dataloader.py:62: error: Incompatible types in assignment (expression has type "ndarray[tuple[Any, ...], dtype[Any]]", variable has type "Sequence[int] | Sequence[bool]")  [assignment]
src/spVIPESmulti/dataloaders/_ann_dataloader.py:68: error: "Dataset[Any]" has no attribute "indices"  [attr-defined]
src/spVIPESmulti/dataloaders/_ann_dataloader.py:87: error: Argument 1 to "RandomSampler" has incompatible type "Dataset[Any]"; expected "Sized"  [arg-type]
src/spVIPESmulti/dataloaders/_ann_dataloader.py:87: error: Argument 1 to "SequentialSampler" has incompatible type "Dataset[Any]"; expected "Sized"  [arg-type]
src/spVIPESmulti/module/spVIPESmultimodule.py:7: error: Skipping analyzing "zuko.flows": module is installed, but missing library stubs or py.typed marker  [import-untyped]
src/spVIPESmulti/module/spVIPESmultimodule.py:7: error: Skipping analyzing "zuko": module is installed, but missing library stubs or py.typed marker  [import-untyped]
src/spVIPESmulti/module/spVIPESmultimodule.py:8: error: Skipping analyzing "scvi": module is installed, but missing library stubs or py.typed marker  [import-untyped]
src/spVIPESmulti/module/spVIPESmultimodule.py:9: error: Skipping analyzing "scvi.distributions": module is installed, but missing library stubs or py.typed marker  [import-untyped]
src/spVIPESmulti/module/spVIPESmultimodule.py:10: error: Skipping analyzing "scvi.module.base": module is installed, but missing library stubs or py.typed marker  [import-untyped]
src/spVIPESmulti/module/spVIPESmultimodule.py:14: error: Skipping analyzing "scvi.nn": module is installed, but missing library stubs or py.typed marker  [import-untyped]
src/spVIPESmulti/module/spVIPESmultimodule.py:361: error: Need type annotation for "label_per_batch" (hint: "label_per_batch: list[<type>] = ...")  [var-annotated]
src/spVIPESmulti/module/spVIPESmultimodule.py:387: error: Item "None" of "dict[Any, Any] | None" has no attribute "items"  [union-attr]
src/spVIPESmulti/module/spVIPESmultimodule.py:389: error: Incompatible types in assignment (expression has type "None", variable has type "dict[Any, list[Any]]")  [assignment]
src/spVIPESmulti/module/spVIPESmultimodule.py:400: error: Item "None" of "dict[Any, Any] | None" has no attribute "items"  [union-attr]
src/spVIPESmulti/module/spVIPESmultimodule.py:411: error: Argument "n_cat_list" to "Encoder" has incompatible type "list[int] | None"; expected "Iterable[int]"  [arg-type]
src/spVIPESmulti/module/spVIPESmultimodule.py:412: error: Argument "encoder_activation" to "Encoder" has incompatible type "str"; expected "Literal['silu', 'relu', 'leakyrelu']"  [arg-type]
src/spVIPESmulti/module/spVIPESmultimodule.py:417: error: Argument "n_cat_list" to "Encoder" has incompatible type "list[int] | None"; expected "Iterable[int]"  [arg-type]
src/spVIPESmulti/module/spVIPESmultimodule.py:418: error: Argument "encoder_activation" to "Encoder" has incompatible type "str"; expected "Literal['silu', 'relu', 'leakyrelu']"  [arg-type]
src/spVIPESmulti/module/spVIPESmultimodule.py:423: error: Argument "n_cat_list" to "LinearDecoderSPVIPE" has incompatible type "list[int] | None"; expected "Iterable[int]"  [arg-type]
src/spVIPESmulti/module/spVIPESmultimodule.py:437: error: Incompatible types in assignment (expression has type "ParameterList", variable has type "ParameterDict")  [assignment]
src/spVIPESmulti/module/spVIPESmultimodule.py:445: error: Argument "n_cat_list" to "Encoder" has incompatible type "list[int] | None"; expected "Iterable[int]"  [arg-type]
src/spVIPESmulti/module/spVIPESmultimodule.py:446: error: Argument "encoder_activation" to "Encoder" has incompatible type "str"; expected "Literal['silu', 'relu', 'leakyrelu']"  [arg-type]
src/spVIPESmulti/module/spVIPESmultimodule.py:451: error: Argument "n_cat_list" to "Encoder" has incompatible type "list[int] | None"; expected "Iterable[int]"  [arg-type]
src/spVIPESmulti/module/spVIPESmultimodule.py:452: error: Argument "encoder_activation" to "Encoder" has incompatible type "str"; expected "Literal['silu', 'relu', 'leakyrelu']"  [arg-type]
src/spVIPESmulti/module/spVIPESmultimodule.py:460: error: Argument "n_cat_list" to "LinearDecoderSPVIPE" has incompatible type "list[int] | None"; expected "Iterable[int]"  [arg-type]
src/spVIPESmulti/module/spVIPESmultimodule.py:622: error: Argument 2 to "zeros" has incompatible type "int | None"; expected "int | SymInt"  [arg-type]
src/spVIPESmulti/module/spVIPESmultimodule.py:1143: error: Incompatible types in assignment (expression has type "Normal", target has type "Tensor")  [assignment]
src/spVIPESmulti/module/spVIPESmultimodule.py:1146: error: "Tensor" has no attribute "rsample"  [attr-defined]
src/spVIPESmulti/module/spVIPESmultimodule.py:1296: error: Incompatible types in assignment (expression has type "ndarray[tuple[Any, ...], dtype[Any]]", variable has type "Tensor")  [assignment]
src/spVIPESmulti/module/spVIPESmultimodule.py:1300: error: Incompatible return value type (got "Tensor", expected "ndarray[tuple[Any, ...], dtype[Any]]")  [return-value]
src/spVIPESmulti/module/spVIPESmultimodule.py:1383: error: Incompatible types in assignment (expression has type "Tensor | float", variable has type "float")  [assignment]
src/spVIPESmulti/module/spVIPESmultimodule.py:1388: error: Incompatible types in assignment (expression has type "int", variable has type "Tensor | Literal[0]")  [assignment]
src/spVIPESmulti/module/spVIPESmultimodule.py:1389: error: Generator has incompatible item type "Tensor"; expected "bool"  [misc]
src/spVIPESmulti/module/spVIPESmultimodule.py:1391: error: Value of type "dict[int, Any] | None" is not indexable  [index]
src/spVIPESmulti/module/spVIPESmultimodule.py:1396: error: Incompatible types in assignment (expression has type "Tensor | float", variable has type "float")  [assignment]
src/spVIPESmulti/module/spVIPESmultimodule.py:1429: error: Incompatible types in assignment (expression has type "Any | float", variable has type "Tensor | Literal[0]")  [assignment]
src/spVIPESmulti/module/spVIPESmultimodule.py:1430: error: Incompatible types in assignment (expression has type "Tensor | float", variable has type "float")  [assignment]
src/spVIPESmulti/module/spVIPESmultimodule.py:1440: error: Value of type "dict[int, Any] | None" is not indexable  [index]
src/spVIPESmulti/module/spVIPESmultimodule.py:1447: error: Incompatible types in assignment (expression has type "Any | float", variable has type "Tensor | Literal[0]")  [assignment]
src/spVIPESmulti/module/spVIPESmultimodule.py:1448: error: Incompatible types in assignment (expression has type "Tensor | float", variable has type "float")  [assignment]
src/spVIPESmulti/module/spVIPESmultimodule.py:1467: error: Incompatible types in assignment (expression has type "Tensor | float", variable has type "float")  [assignment]
src/spVIPESmulti/module/spVIPESmultimodule.py:1476: error: Incompatible types in assignment (expression has type "int", variable has type "Tensor | Literal[0]")  [assignment]
src/spVIPESmulti/module/spVIPESmultimodule.py:1477: error: Generator has incompatible item type "Tensor"; expected "bool"  [misc]
src/spVIPESmulti/module/spVIPESmultimodule.py:1484: error: Value of type "dict[int, Any] | None" is not indexable  [index]
src/spVIPESmulti/module/spVIPESmultimodule.py:1488: error: Incompatible types in assignment (expression has type "Tensor | float", variable has type "float")  [assignment]
src/spVIPESmulti/module/spVIPESmultimodule.py:1500: error: Value of type "dict[int, Any] | None" is not indexable  [index]
src/spVIPESmulti/module/spVIPESmultimodule.py:1506: error: Incompatible types in assignment (expression has type "Any | float", variable has type "Tensor | Literal[0]")  [assignment]
src/spVIPESmulti/module/spVIPESmultimodule.py:1507: error: Incompatible types in assignment (expression has type "Tensor | float", variable has type "float")  [assignment]
src/spVIPESmulti/module/spVIPESmultimodule.py:1517: error: Value of type "dict[int, Any] | None" is not indexable  [index]
src/spVIPESmulti/module/spVIPESmultimodule.py:1530: error: Generator has incompatible item type "Tensor"; expected "bool"  [misc]
src/spVIPESmulti/module/spVIPESmultimodule.py:1534: error: Value of type "dict[int, Any] | None" is not indexable  [index]
src/spVIPESmulti/module/spVIPESmultimodule.py:1582: error: Incompatible types in assignment (expression has type "Tensor | Any | float", variable has type "float")  [assignment]
src/spVIPESmulti/module/spVIPESmultimodule.py:1583: error: Item "int" of "Tensor | Any | Literal[0]" has no attribute "detach"  [union-attr]
src/spVIPESmulti/dataloaders/_concat_dataloader.py:46: error: "None" has no attribute "uns"  [attr-defined]
src/spVIPESmulti/dataloaders/_concat_dataloader.py:73: error: Argument "drop_last" to "AnnDataLoader" has incompatible type "bool | int"; expected "bool"  [arg-type]
src/spVIPESmulti/dataloaders/_concat_dataloader.py:91: error: Argument 1 to "__init__" of "DataLoader" has incompatible type "AnnDataLoader"; expected "Dataset[Any]"  [arg-type]
src/spVIPESmulti/metrics.py:27: error: Library stubs not installed for "pandas"  [import-untyped]
src/spVIPESmulti/metrics.py:213: error: Skipping analyzing "sklearn.neighbors": module is installed, but missing library stubs or py.typed marker  [import-untyped]
src/spVIPESmulti/metrics.py:279: error: Library stubs not installed for "scipy.stats"  [import-untyped]
src/spVIPESmulti/metrics.py:374: error: Skipping analyzing "anndata": module is installed, but missing library stubs or py.typed marker  [import-untyped]
src/spVIPESmulti/metrics.py:375: error: Skipping analyzing "scanpy": module is installed, but missing library stubs or py.typed marker  [import-untyped]
src/spVIPESmulti/metrics.py:376: error: Skipping analyzing "sklearn.metrics": module is installed, but missing library stubs or py.typed marker  [import-untyped]
src/spVIPESmulti/metrics.py:684: error: Skipping analyzing "scvi": module is installed, but missing library stubs or py.typed marker  [import-untyped]
src/spVIPESmulti/interventions/utils.py:10: error: Library stubs not installed for "scipy"  [import-untyped]
src/spVIPESmulti/interventions/utils.py:11: error: Skipping analyzing "scvi": module is installed, but missing library stubs or py.typed marker  [import-untyped]
src/spVIPESmulti/interventions/utils.py:155: error: Item "None" of "ndarray[tuple[Any, ...], dtype[Any]] | None" has no attribute "__iter__" (not iterable)  [union-attr]
src/spVIPESmulti/interventions/utils.py:158: error: Item "None" of "ndarray[tuple[Any, ...], dtype[Any]] | None" has no attribute "__iter__" (not iterable)  [union-attr]
src/spVIPESmulti/interventions/utils.py:158: error: Argument "dtype" to "asarray" has incompatible type "type[int]"; expected "type[signedinteger[_32Bit | _64Bit]] | dtype[signedinteger[_32Bit | _64Bit]] | _HasDType[dtype[signedinteger[_32Bit | _64Bit]]] | _HasNumPyDType[dtype[signedinteger[_32Bit | _64Bit]]]"  [arg-type]
src/spVIPESmulti/interventions/counterfactual.py:54: error: Incompatible types in assignment (expression has type "list[Any]", target has type "dict[int, Any]")  [assignment]
src/spVIPESmulti/data/_multi_datasplitter.py:9: error: Skipping analyzing "scvi": module is installed, but missing library stubs or py.typed marker  [import-untyped]
src/spVIPESmulti/model/base/training_mixin.py:12: error: Skipping analyzing "scvi.train": module is installed, but missing library stubs or py.typed marker  [import-untyped]
src/spVIPESmulti/model/base/training_mixin.py:13: error: Skipping analyzing "scvi.train._trainrunner": module is installed, but missing library stubs or py.typed marker  [import-untyped]
src/spVIPESmulti/model/base/training_mixin.py:199: error: "MultiGroupTrainingMixin" has no attribute "adata"  [attr-defined]
src/spVIPESmulti/model/base/training_mixin.py:199: error: Argument 2 to "resolve_group_indices_list" has incompatible type "list[list[int]] | None"; expected "list[ndarray[tuple[Any, ...], dtype[Any]] | list[int] | tuple[int, ...]] | None"  [arg-type]
src/spVIPESmulti/model/base/training_mixin.py:204: error: "MultiGroupTrainingMixin" has no attribute "adata"  [attr-defined]
src/spVIPESmulti/model/base/training_mixin.py:216: error: "MultiGroupTrainingMixin" has no attribute "module"  [attr-defined]
src/spVIPESmulti/model/base/training_mixin.py:218: error: "MultiGroupTrainingMixin" has no attribute "module"  [attr-defined]
src/spVIPESmulti/model/base/training_mixin.py:220: error: "MultiGroupTrainingMixin" has no attribute "module"  [attr-defined]
src/spVIPESmulti/model/base/training_mixin.py:234: error: "MultiGroupTrainingMixin" has no attribute "adata_manager"  [attr-defined]
src/spVIPESmulti/model/base/training_mixin.py:242: error: "MultiGroupTrainingMixin" has no attribute "module"  [attr-defined]
src/spVIPESmulti/model/spvipesmulti.py:7: error: Library stubs not installed for "pandas"  [import-untyped]
src/spVIPESmulti/model/spvipesmulti.py:9: error: Skipping analyzing "anndata": module is installed, but missing library stubs or py.typed marker  [import-untyped]
src/spVIPESmulti/model/spvipesmulti.py:10: error: Skipping analyzing "scvi": module is installed, but missing library stubs or py.typed marker  [import-untyped]
src/spVIPESmulti/model/spvipesmulti.py:11: error: Skipping analyzing "scvi.data.fields": module is installed, but missing library stubs or py.typed marker  [import-untyped]
src/spVIPESmulti/model/spvipesmulti.py:12: error: Skipping analyzing "scvi.model.base": module is installed, but missing library stubs or py.typed marker  [import-untyped]
src/spVIPESmulti/model/spvipesmulti.py:13: error: Skipping analyzing "scvi.utils": module is installed, but missing library stubs or py.typed marker  [import-untyped]
src/spVIPESmulti/model/spvipesmulti.py:307: error: Argument "nf_type" to "spVIPESmultimodule" has incompatible type "str"; expected "Literal['NSF', 'MAF']"  [arg-type]
src/spVIPESmulti/model/spvipesmulti.py:309: error: Argument "nf_target" to "spVIPESmultimodule" has incompatible type "str"; expected "Literal['shared', 'private', 'both']"  [arg-type]
src/spVIPESmulti/model/spvipesmulti.py:310: error: Argument 31 to "spVIPESmultimodule" has incompatible type "**dict[str, float]"; expected "bool"  [arg-type]
src/spVIPESmulti/model/spvipesmulti.py:310: error: Argument 31 to "spVIPESmultimodule" has incompatible type "**dict[str, float]"; expected "Literal['gene', 'gene-batch', 'gene-cell']"  [arg-type]
src/spVIPESmulti/model/spvipesmulti.py:310: error: Argument 31 to "spVIPESmultimodule" has incompatible type "**dict[str, float]"; expected "int"  [arg-type]
src/spVIPESmulti/model/spvipesmulti.py:310: error: Argument 31 to "spVIPESmultimodule" has incompatible type "**dict[str, float]"; expected "str"  [arg-type]
src/spVIPESmulti/model/spvipesmulti.py:310: error: Argument 31 to "spVIPESmultimodule" has incompatible type "**dict[str, float]"; expected "tuple[str, ...]"  [arg-type]
src/spVIPESmulti/model/spvipesmulti.py:461: error: Argument 2 to "resolve_group_indices_list" has incompatible type "list[list[int]] | None"; expected "list[ndarray[tuple[Any, ...], dtype[Any]] | list[int] | tuple[int, ...]] | None"  [arg-type]
src/spVIPESmulti/model/spvipesmulti.py:531: error: Argument 2 to "resolve_group_indices_list" has incompatible type "list[list[int]] | None"; expected "list[ndarray[tuple[Any, ...], dtype[Any]] | list[int] | tuple[int, ...]] | None"  [arg-type]
src/spVIPESmulti/model/spvipesmulti.py:570: error: "ndarray[tuple[Any, ...], dtype[Any]]" has no attribute "values"  [attr-defined]
src/spVIPESmulti/model/spvipesmulti.py:627: error: Argument 2 to "resolve_group_indices_list" has incompatible type "list[list[int]] | None"; expected "list[ndarray[tuple[Any, ...], dtype[Any]] | list[int] | tuple[int, ...]] | None"  [arg-type]
src/spVIPESmulti/model/spvipesmulti.py:672: error: Need type annotation for "idxs"  [var-annotated]
src/spVIPESmulti/model/spvipesmulti.py:672: error: Argument 1 to "enumerate" has incompatible type "object"; expected "Iterable[Never]"  [arg-type]
src/spVIPESmulti/model/spvipesmulti.py:689: error: Value of type "object" is not indexable  [index]
src/spVIPESmulti/model/spvipesmulti.py:690: error: Value of type "object" is not indexable  [index]
src/spVIPESmulti/model/spvipesmulti.py:709: error: Argument 1 to "len" has incompatible type "object"; expected "Sized"  [arg-type]
src/spVIPESmulti/model/spvipesmulti.py:711: error: Incompatible return value type (got "tuple[Any, dict[str, int | list[str] | None]]", expected "tuple[Any, dict[str, object]]")  [return-value]
src/spVIPESmulti/model/spvipesmulti.py:799: error: Incompatible types in assignment (expression has type "object", variable has type "list[list[int]] | None")  [assignment]
src/spVIPESmulti/model/spvipesmulti.py:800: error: Argument 1 to "len" has incompatible type "list[list[int]] | None"; expected "Sized"  [arg-type]
src/spVIPESmulti/model/spvipesmulti.py:847: error: Argument 1 to "enumerate" has incompatible type "list[list[int]] | None"; expected "Iterable[list[int]]"  [arg-type]
src/spVIPESmulti/model/spvipesmulti.py:849: error: Value of type "object" is not indexable  [index]
src/spVIPESmulti/model/spvipesmulti.py:860: error: Argument 1 to "enumerate" has incompatible type "list[list[int]] | None"; expected "Iterable[list[int]]"  [arg-type]
src/spVIPESmulti/model/spvipesmulti.py:962: error: "object" has no attribute "__iter__"; maybe "__dir__" or "__str__"? (not iterable)  [attr-defined]
src/spVIPESmulti/model/spvipesmulti.py:983: error: Skipping analyzing "decoupler": module is installed, but missing library stubs or py.typed marker  [import-untyped]
src/spVIPESmulti/model/spvipesmulti.py:1052: error: No overload variant of "list" matches argument type "object"  [call-overload]
src/spVIPESmulti/model/spvipesmulti.py:1052: note: Possible overload variants:
src/spVIPESmulti/model/spvipesmulti.py:1052: note:     def [_T] list() -> list[_T]
src/spVIPESmulti/model/spvipesmulti.py:1052: note:     def [_T] list(Iterable[_T], /) -> list[_T]
src/spVIPESmulti/model/spvipesmulti.py:1278: error: Argument 2 to "resolve_group_indices_list" has incompatible type "list[list[int]] | None"; expected "list[ndarray[tuple[Any, ...], dtype[Any]] | list[int] | tuple[int, ...]] | None"  [arg-type]
src/spVIPESmulti/model/spvipesmulti.py:1304: error: "ndarray[tuple[Any, ...], dtype[Any]]" has no attribute "values"  [attr-defined]
src/spVIPESmulti/model/spvipesmulti.py:1607: error: Value of type "dict[Any, Any] | None" is not indexable  [index]
src/spVIPESmulti/model/spvipesmulti.py:1631: error: Invalid index type "tuple[int, str]" for "dict[tuple[tuple[Any, Any], str], Any]"; expected type "tuple[tuple[Any, Any], str]"  [index]
src/spVIPESmulti/model/spvipesmulti.py:1634: error: Invalid index type "tuple[int, str]" for "dict[tuple[tuple[Any, Any], str], Any]"; expected type "tuple[tuple[Any, Any], str]"  [index]
src/spVIPESmulti/__init__.py:23: error: Name "importlib_metadata" already defined (by an import)  [no-redef]
Found 185 errors in 21 files (checked 36 source files)

