Obtaining file:///exports/para-lipg-hpc/mdmanurung/spVIPESmulti
  Installing build dependencies: started
  Installing build dependencies: finished with status 'done'
  Checking if build backend supports build_editable: started
  Checking if build backend supports build_editable: finished with status 'done'
  Getting requirements to build editable: started
  Getting requirements to build editable: finished with status 'done'
  Installing backend dependencies: started
  Installing backend dependencies: finished with status 'done'
  Preparing editable metadata (pyproject.toml): started
  Preparing editable metadata (pyproject.toml): finished with status 'done'
Requirement already satisfied: anndata>=0.10 in /exports/archive/hg-funcgenom-research/mdmanurung/conda/envs/spvm/lib/python3.11/site-packages (from spVIPESmulti==1.0.0) (0.12.14)
Requirement already satisfied: numpy>=1.21.0 in /exports/archive/hg-funcgenom-research/mdmanurung/conda/envs/spvm/lib/python3.11/site-packages (from spVIPESmulti==1.0.0) (2.4.4)
Requirement already satisfied: pandas>=1.5.0 in /exports/archive/hg-funcgenom-research/mdmanurung/conda/envs/spvm/lib/python3.11/site-packages (from spVIPESmulti==1.0.0) (2.3.3)
Requirement already satisfied: scanpy>=1.9.1 in /exports/archive/hg-funcgenom-research/mdmanurung/conda/envs/spvm/lib/python3.11/site-packages (from spVIPESmulti==1.0.0) (1.11.5)
Requirement already satisfied: scvi-tools<2,>=1.0 in /exports/archive/hg-funcgenom-research/mdmanurung/conda/envs/spvm/lib/python3.11/site-packages (from spVIPESmulti==1.0.0) (1.4.2)
Requirement already satisfied: session-info in /exports/archive/hg-funcgenom-research/mdmanurung/conda/envs/spvm/lib/python3.11/site-packages (from spVIPESmulti==1.0.0) (1.0.1)
Requirement already satisfied: torch in /exports/archive/hg-funcgenom-research/mdmanurung/conda/envs/spvm/lib/python3.11/site-packages (from spVIPESmulti==1.0.0) (2.11.0+cu128)
Requirement already satisfied: zuko>=1.0.0 in /exports/archive/hg-funcgenom-research/mdmanurung/conda/envs/spvm/lib/python3.11/site-packages (from spVIPESmulti==1.0.0) (1.6.0)
Requirement already satisfied: pre-commit in /exports/archive/hg-funcgenom-research/mdmanurung/conda/envs/spvm/lib/python3.11/site-packages (from spVIPESmulti==1.0.0) (4.6.0)
Requirement already satisfied: twine>=4.0.2 in /exports/archive/hg-funcgenom-research/mdmanurung/conda/envs/spvm/lib/python3.11/site-packages (from spVIPESmulti==1.0.0) (6.2.0)
Requirement already satisfied: docutils!=0.18.*,!=0.19.*,>=0.8 in /exports/archive/hg-funcgenom-research/mdmanurung/conda/envs/spvm/lib/python3.11/site-packages (from spVIPESmulti==1.0.0) (0.22.4)
Collecting furo>=2023.3.27 (from spVIPESmulti==1.0.0)
  Downloading furo-2025.12.19-py3-none-any.whl.metadata (4.9 kB)
Requirement already satisfied: ipykernel in /exports/archive/hg-funcgenom-research/mdmanurung/conda/envs/spvm/lib/python3.11/site-packages (from spVIPESmulti==1.0.0) (7.2.0)
Requirement already satisfied: ipython in /exports/archive/hg-funcgenom-research/mdmanurung/conda/envs/spvm/lib/python3.11/site-packages (from spVIPESmulti==1.0.0) (9.13.0)
Collecting myst-nb (from spVIPESmulti==1.0.0)
  Downloading myst_nb-1.4.0-py3-none-any.whl.metadata (4.8 kB)
Collecting sphinx-autodoc-typehints (from spVIPESmulti==1.0.0)
  Downloading sphinx_autodoc_typehints-3.6.1-py3-none-any.whl.metadata (8.7 kB)
Collecting sphinx-copybutton (from spVIPESmulti==1.0.0)
  Downloading sphinx_copybutton-0.5.2-py3-none-any.whl.metadata (3.2 kB)
Collecting sphinx>=4 (from spVIPESmulti==1.0.0)
  Downloading sphinx-9.0.4-py3-none-any.whl.metadata (5.8 kB)
Collecting sphinxcontrib-bibtex>=1.0.0 (from spVIPESmulti==1.0.0)
  Downloading sphinxcontrib_bibtex-2.7.0-py3-none-any.whl.metadata (6.0 kB)
Collecting sphinxext-opengraph (from spVIPESmulti==1.0.0)
  Downloading sphinxext_opengraph-0.13.0-py3-none-any.whl.metadata (2.7 kB)
Collecting decoupler>=1.9.2 (from spVIPESmulti==1.0.0)
  Downloading decoupler-2.1.6-py3-none-any.whl.metadata (7.2 kB)
Requirement already satisfied: pytest in /exports/archive/hg-funcgenom-research/mdmanurung/conda/envs/spvm/lib/python3.11/site-packages (from spVIPESmulti==1.0.0) (9.0.3)
Requirement already satisfied: pytest-cov in /exports/archive/hg-funcgenom-research/mdmanurung/conda/envs/spvm/lib/python3.11/site-packages (from spVIPESmulti==1.0.0) (7.1.0)
Requirement already satisfied: docrep>=0.3.2 in /exports/archive/hg-funcgenom-research/mdmanurung/conda/envs/spvm/lib/python3.11/site-packages (from scvi-tools<2,>=1.0->spVIPESmulti==1.0.0) (0.3.2)
Requirement already satisfied: lightning>=2.0 in /exports/archive/hg-funcgenom-research/mdmanurung/conda/envs/spvm/lib/python3.11/site-packages (from scvi-tools<2,>=1.0->spVIPESmulti==1.0.0) (2.6.1)
Requirement already satisfied: ml-collections in /exports/archive/hg-funcgenom-research/mdmanurung/conda/envs/spvm/lib/python3.11/site-packages (from scvi-tools<2,>=1.0->spVIPESmulti==1.0.0) (1.1.0)
Requirement already satisfied: mudata in /exports/archive/hg-funcgenom-research/mdmanurung/conda/envs/spvm/lib/python3.11/site-packages (from scvi-tools<2,>=1.0->spVIPESmulti==1.0.0) (0.3.8)
Requirement already satisfied: numba>=0.60.0 in /exports/archive/hg-funcgenom-research/mdmanurung/conda/envs/spvm/lib/python3.11/site-packages (from scvi-tools<2,>=1.0->spVIPESmulti==1.0.0) (0.65.1)
Requirement already satisfied: pyro-ppl in /exports/archive/hg-funcgenom-research/mdmanurung/conda/envs/spvm/lib/python3.11/site-packages (from scvi-tools<2,>=1.0->spVIPESmulti==1.0.0) (1.9.1)
Requirement already satisfied: rich in /exports/archive/hg-funcgenom-research/mdmanurung/conda/envs/spvm/lib/python3.11/site-packages (from scvi-tools<2,>=1.0->spVIPESmulti==1.0.0) (15.0.0)
Requirement already satisfied: scikit-learn in /exports/archive/hg-funcgenom-research/mdmanurung/conda/envs/spvm/lib/python3.11/site-packages (from scvi-tools<2,>=1.0->spVIPESmulti==1.0.0) (1.8.0)
Requirement already satisfied: scipy in /exports/archive/hg-funcgenom-research/mdmanurung/conda/envs/spvm/lib/python3.11/site-packages (from scvi-tools<2,>=1.0->spVIPESmulti==1.0.0) (1.17.1)
Requirement already satisfied: sparse>=0.14.0 in /exports/archive/hg-funcgenom-research/mdmanurung/conda/envs/spvm/lib/python3.11/site-packages (from scvi-tools<2,>=1.0->spVIPESmulti==1.0.0) (0.18.0)
Requirement already satisfied: tensorboard in /exports/archive/hg-funcgenom-research/mdmanurung/conda/envs/spvm/lib/python3.11/site-packages (from scvi-tools<2,>=1.0->spVIPESmulti==1.0.0) (2.20.0)
Requirement already satisfied: torchmetrics in /exports/archive/hg-funcgenom-research/mdmanurung/conda/envs/spvm/lib/python3.11/site-packages (from scvi-tools<2,>=1.0->spVIPESmulti==1.0.0) (1.9.0)
Requirement already satisfied: tqdm in /exports/archive/hg-funcgenom-research/mdmanurung/conda/envs/spvm/lib/python3.11/site-packages (from scvi-tools<2,>=1.0->spVIPESmulti==1.0.0) (4.67.3)
Requirement already satisfied: xarray in /exports/archive/hg-funcgenom-research/mdmanurung/conda/envs/spvm/lib/python3.11/site-packages (from scvi-tools<2,>=1.0->spVIPESmulti==1.0.0) (2026.4.0)
Requirement already satisfied: array-api-compat>=1.7.1 in /exports/archive/hg-funcgenom-research/mdmanurung/conda/envs/spvm/lib/python3.11/site-packages (from anndata>=0.10->spVIPESmulti==1.0.0) (1.14.0)
Requirement already satisfied: h5py>=3.8 in /exports/archive/hg-funcgenom-research/mdmanurung/conda/envs/spvm/lib/python3.11/site-packages (from anndata>=0.10->spVIPESmulti==1.0.0) (3.16.0)
Requirement already satisfied: legacy-api-wrap in /exports/archive/hg-funcgenom-research/mdmanurung/conda/envs/spvm/lib/python3.11/site-packages (from anndata>=0.10->spVIPESmulti==1.0.0) (1.5)
Requirement already satisfied: natsort in /exports/archive/hg-funcgenom-research/mdmanurung/conda/envs/spvm/lib/python3.11/site-packages (from anndata>=0.10->spVIPESmulti==1.0.0) (8.4.0)
Requirement already satisfied: packaging>=24.2 in /exports/archive/hg-funcgenom-research/mdmanurung/conda/envs/spvm/lib/python3.11/site-packages (from anndata>=0.10->spVIPESmulti==1.0.0) (26.2)
Requirement already satisfied: scverse-misc>=0.0.3 in /exports/archive/hg-funcgenom-research/mdmanurung/conda/envs/spvm/lib/python3.11/site-packages (from anndata>=0.10->spVIPESmulti==1.0.0) (0.0.3)
Requirement already satisfied: zarr!=3.0.*,>=2.18.7 in /exports/archive/hg-funcgenom-research/mdmanurung/conda/envs/spvm/lib/python3.11/site-packages (from anndata>=0.10->spVIPESmulti==1.0.0) (3.1.6)
Requirement already satisfied: python-dateutil>=2.8.2 in /exports/archive/hg-funcgenom-research/mdmanurung/conda/envs/spvm/lib/python3.11/site-packages (from pandas>=1.5.0->spVIPESmulti==1.0.0) (2.9.0.post0)
Requirement already satisfied: pytz>=2020.1 in /exports/archive/hg-funcgenom-research/mdmanurung/conda/envs/spvm/lib/python3.11/site-packages (from pandas>=1.5.0->spVIPESmulti==1.0.0) (2026.2)
Requirement already satisfied: tzdata>=2022.7 in /exports/archive/hg-funcgenom-research/mdmanurung/conda/envs/spvm/lib/python3.11/site-packages (from pandas>=1.5.0->spVIPESmulti==1.0.0) (2026.2)
Collecting adjusttext (from decoupler>=1.9.2->spVIPESmulti==1.0.0)
  Downloading adjustText-1.3.0-py3-none-any.whl.metadata (3.1 kB)
Collecting marsilea (from decoupler>=1.9.2->spVIPESmulti==1.0.0)
  Downloading marsilea-0.6.0-py3-none-any.whl.metadata (7.3 kB)
Requirement already satisfied: requests in /exports/archive/hg-funcgenom-research/mdmanurung/conda/envs/spvm/lib/python3.11/site-packages (from decoupler>=1.9.2->spVIPESmulti==1.0.0) (2.34.0)
Requirement already satisfied: session-info2 in /exports/archive/hg-funcgenom-research/mdmanurung/conda/envs/spvm/lib/python3.11/site-packages (from decoupler>=1.9.2->spVIPESmulti==1.0.0) (0.4.1)
Requirement already satisfied: six in /exports/archive/hg-funcgenom-research/mdmanurung/conda/envs/spvm/lib/python3.11/site-packages (from docrep>=0.3.2->scvi-tools<2,>=1.0->spVIPESmulti==1.0.0) (1.17.0)
Requirement already satisfied: beautifulsoup4 in /exports/archive/hg-funcgenom-research/mdmanurung/conda/envs/spvm/lib/python3.11/site-packages (from furo>=2023.3.27->spVIPESmulti==1.0.0) (4.14.3)
Collecting sphinx-basic-ng>=1.0.0.beta2 (from furo>=2023.3.27->spVIPESmulti==1.0.0)
  Downloading sphinx_basic_ng-1.0.0b2-py3-none-any.whl.metadata (1.5 kB)
Requirement already satisfied: pygments>=2.7 in /exports/archive/hg-funcgenom-research/mdmanurung/conda/envs/spvm/lib/python3.11/site-packages (from furo>=2023.3.27->spVIPESmulti==1.0.0) (2.20.0)
Collecting accessible-pygments>=0.0.5 (from furo>=2023.3.27->spVIPESmulti==1.0.0)
  Downloading accessible_pygments-0.0.5-py3-none-any.whl.metadata (10 kB)
Collecting sphinxcontrib-applehelp>=1.0.7 (from sphinx>=4->spVIPESmulti==1.0.0)
  Downloading sphinxcontrib_applehelp-2.0.0-py3-none-any.whl.metadata (2.3 kB)
Collecting sphinxcontrib-devhelp>=1.0.6 (from sphinx>=4->spVIPESmulti==1.0.0)
  Downloading sphinxcontrib_devhelp-2.0.0-py3-none-any.whl.metadata (2.3 kB)
Collecting sphinxcontrib-htmlhelp>=2.0.6 (from sphinx>=4->spVIPESmulti==1.0.0)
  Downloading sphinxcontrib_htmlhelp-2.1.0-py3-none-any.whl.metadata (2.3 kB)
Collecting sphinxcontrib-jsmath>=1.0.1 (from sphinx>=4->spVIPESmulti==1.0.0)
  Downloading sphinxcontrib_jsmath-1.0.1-py2.py3-none-any.whl.metadata (1.4 kB)
Collecting sphinxcontrib-qthelp>=1.0.6 (from sphinx>=4->spVIPESmulti==1.0.0)
  Downloading sphinxcontrib_qthelp-2.0.0-py3-none-any.whl.metadata (2.3 kB)
Collecting sphinxcontrib-serializinghtml>=1.1.9 (from sphinx>=4->spVIPESmulti==1.0.0)
  Downloading sphinxcontrib_serializinghtml-2.0.0-py3-none-any.whl.metadata (2.4 kB)
Requirement already satisfied: Jinja2>=3.1 in /exports/archive/hg-funcgenom-research/mdmanurung/conda/envs/spvm/lib/python3.11/site-packages (from sphinx>=4->spVIPESmulti==1.0.0) (3.1.6)
Collecting snowballstemmer>=2.2 (from sphinx>=4->spVIPESmulti==1.0.0)
  Downloading snowballstemmer-3.0.1-py3-none-any.whl.metadata (7.9 kB)
Requirement already satisfied: babel>=2.13 in /exports/archive/hg-funcgenom-research/mdmanurung/conda/envs/spvm/lib/python3.11/site-packages (from sphinx>=4->spVIPESmulti==1.0.0) (2.18.0)
Collecting alabaster>=0.7.14 (from sphinx>=4->spVIPESmulti==1.0.0)
  Downloading alabaster-1.0.0-py3-none-any.whl.metadata (2.8 kB)
Collecting imagesize>=1.3 (from sphinx>=4->spVIPESmulti==1.0.0)
  Downloading imagesize-2.0.0-py2.py3-none-any.whl.metadata (1.5 kB)
Collecting roman-numerals>=1.0.0 (from sphinx>=4->spVIPESmulti==1.0.0)
  Downloading roman_numerals-4.1.0-py3-none-any.whl.metadata (3.3 kB)
Requirement already satisfied: MarkupSafe>=2.0 in /exports/archive/hg-funcgenom-research/mdmanurung/conda/envs/spvm/lib/python3.11/site-packages (from Jinja2>=3.1->sphinx>=4->spVIPESmulti==1.0.0) (3.0.3)
Requirement already satisfied: PyYAML<8.0,>5.4 in /exports/archive/hg-funcgenom-research/mdmanurung/conda/envs/spvm/lib/python3.11/site-packages (from lightning>=2.0->scvi-tools<2,>=1.0->spVIPESmulti==1.0.0) (6.0.3)
Requirement already satisfied: fsspec<2028.0,>=2022.5.0 in /exports/archive/hg-funcgenom-research/mdmanurung/conda/envs/spvm/lib/python3.11/site-packages (from fsspec[http]<2028.0,>=2022.5.0->lightning>=2.0->scvi-tools<2,>=1.0->spVIPESmulti==1.0.0) (2026.4.0)
Requirement already satisfied: lightning-utilities<2.0,>=0.10.0 in /exports/archive/hg-funcgenom-research/mdmanurung/conda/envs/spvm/lib/python3.11/site-packages (from lightning>=2.0->scvi-tools<2,>=1.0->spVIPESmulti==1.0.0) (0.15.3)
Requirement already satisfied: typing-extensions<6.0,>4.5.0 in /exports/archive/hg-funcgenom-research/mdmanurung/conda/envs/spvm/lib/python3.11/site-packages (from lightning>=2.0->scvi-tools<2,>=1.0->spVIPESmulti==1.0.0) (4.15.0)
Requirement already satisfied: pytorch-lightning in /exports/archive/hg-funcgenom-research/mdmanurung/conda/envs/spvm/lib/python3.11/site-packages (from lightning>=2.0->scvi-tools<2,>=1.0->spVIPESmulti==1.0.0) (2.6.1)
Requirement already satisfied: aiohttp!=4.0.0a0,!=4.0.0a1 in /exports/archive/hg-funcgenom-research/mdmanurung/conda/envs/spvm/lib/python3.11/site-packages (from fsspec[http]<2028.0,>=2022.5.0->lightning>=2.0->scvi-tools<2,>=1.0->spVIPESmulti==1.0.0) (3.13.5)
Requirement already satisfied: filelock in /exports/archive/hg-funcgenom-research/mdmanurung/conda/envs/spvm/lib/python3.11/site-packages (from torch->spVIPESmulti==1.0.0) (3.29.0)
Requirement already satisfied: setuptools<82 in /exports/archive/hg-funcgenom-research/mdmanurung/conda/envs/spvm/lib/python3.11/site-packages (from torch->spVIPESmulti==1.0.0) (70.2.0)
Requirement already satisfied: sympy>=1.13.3 in /exports/archive/hg-funcgenom-research/mdmanurung/conda/envs/spvm/lib/python3.11/site-packages (from torch->spVIPESmulti==1.0.0) (1.14.0)
Requirement already satisfied: networkx>=2.5.1 in /exports/archive/hg-funcgenom-research/mdmanurung/conda/envs/spvm/lib/python3.11/site-packages (from torch->spVIPESmulti==1.0.0) (3.6.1)
Requirement already satisfied: cuda-toolkit==12.8.1 in /exports/archive/hg-funcgenom-research/mdmanurung/conda/envs/spvm/lib/python3.11/site-packages (from cuda-toolkit[cublas,cudart,cufft,cufile,cupti,curand,cusolver,cusparse,nvjitlink,nvrtc,nvtx]==12.8.1; platform_system == "Linux"->torch->spVIPESmulti==1.0.0) (12.8.1)
Requirement already satisfied: cuda-bindings<13,>=12.9.4 in /exports/archive/hg-funcgenom-research/mdmanurung/conda/envs/spvm/lib/python3.11/site-packages (from torch->spVIPESmulti==1.0.0) (12.9.4)
Requirement already satisfied: nvidia-cudnn-cu12==9.19.0.56 in /exports/archive/hg-funcgenom-research/mdmanurung/conda/envs/spvm/lib/python3.11/site-packages (from torch->spVIPESmulti==1.0.0) (9.19.0.56)
Requirement already satisfied: nvidia-cusparselt-cu12==0.7.1 in /exports/archive/hg-funcgenom-research/mdmanurung/conda/envs/spvm/lib/python3.11/site-packages (from torch->spVIPESmulti==1.0.0) (0.7.1)
Requirement already satisfied: nvidia-nccl-cu12==2.28.9 in /exports/archive/hg-funcgenom-research/mdmanurung/conda/envs/spvm/lib/python3.11/site-packages (from torch->spVIPESmulti==1.0.0) (2.28.9)
Requirement already satisfied: nvidia-nvshmem-cu12==3.4.5 in /exports/archive/hg-funcgenom-research/mdmanurung/conda/envs/spvm/lib/python3.11/site-packages (from torch->spVIPESmulti==1.0.0) (3.4.5)
Requirement already satisfied: triton==3.6.0 in /exports/archive/hg-funcgenom-research/mdmanurung/conda/envs/spvm/lib/python3.11/site-packages (from torch->spVIPESmulti==1.0.0) (3.6.0)
Requirement already satisfied: nvidia-cublas-cu12==12.8.4.1.* in /exports/archive/hg-funcgenom-research/mdmanurung/conda/envs/spvm/lib/python3.11/site-packages (from cuda-toolkit[cublas,cudart,cufft,cufile,cupti,curand,cusolver,cusparse,nvjitlink,nvrtc,nvtx]==12.8.1; platform_system == "Linux"->torch->spVIPESmulti==1.0.0) (12.8.4.1)
Requirement already satisfied: nvidia-cuda-runtime-cu12==12.8.90.* in /exports/archive/hg-funcgenom-research/mdmanurung/conda/envs/spvm/lib/python3.11/site-packages (from cuda-toolkit[cublas,cudart,cufft,cufile,cupti,curand,cusolver,cusparse,nvjitlink,nvrtc,nvtx]==12.8.1; platform_system == "Linux"->torch->spVIPESmulti==1.0.0) (12.8.90)
Requirement already satisfied: nvidia-cufft-cu12==11.3.3.83.* in /exports/archive/hg-funcgenom-research/mdmanurung/conda/envs/spvm/lib/python3.11/site-packages (from cuda-toolkit[cublas,cudart,cufft,cufile,cupti,curand,cusolver,cusparse,nvjitlink,nvrtc,nvtx]==12.8.1; platform_system == "Linux"->torch->spVIPESmulti==1.0.0) (11.3.3.83)
Requirement already satisfied: nvidia-cufile-cu12==1.13.1.3.* in /exports/archive/hg-funcgenom-research/mdmanurung/conda/envs/spvm/lib/python3.11/site-packages (from cuda-toolkit[cublas,cudart,cufft,cufile,cupti,curand,cusolver,cusparse,nvjitlink,nvrtc,nvtx]==12.8.1; platform_system == "Linux"->torch->spVIPESmulti==1.0.0) (1.13.1.3)
Requirement already satisfied: nvidia-cuda-cupti-cu12==12.8.90.* in /exports/archive/hg-funcgenom-research/mdmanurung/conda/envs/spvm/lib/python3.11/site-packages (from cuda-toolkit[cublas,cudart,cufft,cufile,cupti,curand,cusolver,cusparse,nvjitlink,nvrtc,nvtx]==12.8.1; platform_system == "Linux"->torch->spVIPESmulti==1.0.0) (12.8.90)
Requirement already satisfied: nvidia-curand-cu12==10.3.9.90.* in /exports/archive/hg-funcgenom-research/mdmanurung/conda/envs/spvm/lib/python3.11/site-packages (from cuda-toolkit[cublas,cudart,cufft,cufile,cupti,curand,cusolver,cusparse,nvjitlink,nvrtc,nvtx]==12.8.1; platform_system == "Linux"->torch->spVIPESmulti==1.0.0) (10.3.9.90)
Requirement already satisfied: nvidia-cusolver-cu12==11.7.3.90.* in /exports/archive/hg-funcgenom-research/mdmanurung/conda/envs/spvm/lib/python3.11/site-packages (from cuda-toolkit[cublas,cudart,cufft,cufile,cupti,curand,cusolver,cusparse,nvjitlink,nvrtc,nvtx]==12.8.1; platform_system == "Linux"->torch->spVIPESmulti==1.0.0) (11.7.3.90)
Requirement already satisfied: nvidia-cusparse-cu12==12.5.8.93.* in /exports/archive/hg-funcgenom-research/mdmanurung/conda/envs/spvm/lib/python3.11/site-packages (from cuda-toolkit[cublas,cudart,cufft,cufile,cupti,curand,cusolver,cusparse,nvjitlink,nvrtc,nvtx]==12.8.1; platform_system == "Linux"->torch->spVIPESmulti==1.0.0) (12.5.8.93)
Requirement already satisfied: nvidia-nvjitlink-cu12==12.8.93.* in /exports/archive/hg-funcgenom-research/mdmanurung/conda/envs/spvm/lib/python3.11/site-packages (from cuda-toolkit[cublas,cudart,cufft,cufile,cupti,curand,cusolver,cusparse,nvjitlink,nvrtc,nvtx]==12.8.1; platform_system == "Linux"->torch->spVIPESmulti==1.0.0) (12.8.93)
Requirement already satisfied: nvidia-cuda-nvrtc-cu12==12.8.93.* in /exports/archive/hg-funcgenom-research/mdmanurung/conda/envs/spvm/lib/python3.11/site-packages (from cuda-toolkit[cublas,cudart,cufft,cufile,cupti,curand,cusolver,cusparse,nvjitlink,nvrtc,nvtx]==12.8.1; platform_system == "Linux"->torch->spVIPESmulti==1.0.0) (12.8.93)
Requirement already satisfied: nvidia-nvtx-cu12==12.8.90.* in /exports/archive/hg-funcgenom-research/mdmanurung/conda/envs/spvm/lib/python3.11/site-packages (from cuda-toolkit[cublas,cudart,cufft,cufile,cupti,curand,cusolver,cusparse,nvjitlink,nvrtc,nvtx]==12.8.1; platform_system == "Linux"->torch->spVIPESmulti==1.0.0) (12.8.90)
Requirement already satisfied: cuda-pathfinder~=1.1 in /exports/archive/hg-funcgenom-research/mdmanurung/conda/envs/spvm/lib/python3.11/site-packages (from cuda-bindings<13,>=12.9.4->torch->spVIPESmulti==1.0.0) (1.2.2)
Requirement already satisfied: aiohappyeyeballs>=2.5.0 in /exports/archive/hg-funcgenom-research/mdmanurung/conda/envs/spvm/lib/python3.11/site-packages (from aiohttp!=4.0.0a0,!=4.0.0a1->fsspec[http]<2028.0,>=2022.5.0->lightning>=2.0->scvi-tools<2,>=1.0->spVIPESmulti==1.0.0) (2.6.1)
Requirement already satisfied: aiosignal>=1.4.0 in /exports/archive/hg-funcgenom-research/mdmanurung/conda/envs/spvm/lib/python3.11/site-packages (from aiohttp!=4.0.0a0,!=4.0.0a1->fsspec[http]<2028.0,>=2022.5.0->lightning>=2.0->scvi-tools<2,>=1.0->spVIPESmulti==1.0.0) (1.4.0)
Requirement already satisfied: attrs>=17.3.0 in /exports/archive/hg-funcgenom-research/mdmanurung/conda/envs/spvm/lib/python3.11/site-packages (from aiohttp!=4.0.0a0,!=4.0.0a1->fsspec[http]<2028.0,>=2022.5.0->lightning>=2.0->scvi-tools<2,>=1.0->spVIPESmulti==1.0.0) (26.1.0)
Requirement already satisfied: frozenlist>=1.1.1 in /exports/archive/hg-funcgenom-research/mdmanurung/conda/envs/spvm/lib/python3.11/site-packages (from aiohttp!=4.0.0a0,!=4.0.0a1->fsspec[http]<2028.0,>=2022.5.0->lightning>=2.0->scvi-tools<2,>=1.0->spVIPESmulti==1.0.0) (1.8.0)
Requirement already satisfied: multidict<7.0,>=4.5 in /exports/archive/hg-funcgenom-research/mdmanurung/conda/envs/spvm/lib/python3.11/site-packages (from aiohttp!=4.0.0a0,!=4.0.0a1->fsspec[http]<2028.0,>=2022.5.0->lightning>=2.0->scvi-tools<2,>=1.0->spVIPESmulti==1.0.0) (6.7.1)
Requirement already satisfied: propcache>=0.2.0 in /exports/archive/hg-funcgenom-research/mdmanurung/conda/envs/spvm/lib/python3.11/site-packages (from aiohttp!=4.0.0a0,!=4.0.0a1->fsspec[http]<2028.0,>=2022.5.0->lightning>=2.0->scvi-tools<2,>=1.0->spVIPESmulti==1.0.0) (0.5.2)
Requirement already satisfied: yarl<2.0,>=1.17.0 in /exports/archive/hg-funcgenom-research/mdmanurung/conda/envs/spvm/lib/python3.11/site-packages (from aiohttp!=4.0.0a0,!=4.0.0a1->fsspec[http]<2028.0,>=2022.5.0->lightning>=2.0->scvi-tools<2,>=1.0->spVIPESmulti==1.0.0) (1.23.0)
Requirement already satisfied: idna>=2.0 in /exports/archive/hg-funcgenom-research/mdmanurung/conda/envs/spvm/lib/python3.11/site-packages (from yarl<2.0,>=1.17.0->aiohttp!=4.0.0a0,!=4.0.0a1->fsspec[http]<2028.0,>=2022.5.0->lightning>=2.0->scvi-tools<2,>=1.0->spVIPESmulti==1.0.0) (3.13)
Requirement already satisfied: llvmlite<0.48,>=0.47.0dev0 in /exports/archive/hg-funcgenom-research/mdmanurung/conda/envs/spvm/lib/python3.11/site-packages (from numba>=0.60.0->scvi-tools<2,>=1.0->spVIPESmulti==1.0.0) (0.47.0)
Requirement already satisfied: charset_normalizer<4,>=2 in /exports/archive/hg-funcgenom-research/mdmanurung/conda/envs/spvm/lib/python3.11/site-packages (from requests->decoupler>=1.9.2->spVIPESmulti==1.0.0) (3.4.7)
Requirement already satisfied: urllib3<3,>=1.26 in /exports/archive/hg-funcgenom-research/mdmanurung/conda/envs/spvm/lib/python3.11/site-packages (from requests->decoupler>=1.9.2->spVIPESmulti==1.0.0) (2.7.0)
Requirement already satisfied: certifi>=2023.5.7 in /exports/archive/hg-funcgenom-research/mdmanurung/conda/envs/spvm/lib/python3.11/site-packages (from requests->decoupler>=1.9.2->spVIPESmulti==1.0.0) (2026.4.22)
Requirement already satisfied: joblib in /exports/archive/hg-funcgenom-research/mdmanurung/conda/envs/spvm/lib/python3.11/site-packages (from scanpy>=1.9.1->spVIPESmulti==1.0.0) (1.5.3)
Requirement already satisfied: matplotlib>=3.7.5 in /exports/archive/hg-funcgenom-research/mdmanurung/conda/envs/spvm/lib/python3.11/site-packages (from scanpy>=1.9.1->spVIPESmulti==1.0.0) (3.10.9)
Requirement already satisfied: patsy!=1.0.0 in /exports/archive/hg-funcgenom-research/mdmanurung/conda/envs/spvm/lib/python3.11/site-packages (from scanpy>=1.9.1->spVIPESmulti==1.0.0) (1.0.2)
Requirement already satisfied: pynndescent>=0.5.13 in /exports/archive/hg-funcgenom-research/mdmanurung/conda/envs/spvm/lib/python3.11/site-packages (from scanpy>=1.9.1->spVIPESmulti==1.0.0) (0.6.0)
Requirement already satisfied: seaborn>=0.13.2 in /exports/archive/hg-funcgenom-research/mdmanurung/conda/envs/spvm/lib/python3.11/site-packages (from scanpy>=1.9.1->spVIPESmulti==1.0.0) (0.13.2)
Requirement already satisfied: statsmodels>=0.14.5 in /exports/archive/hg-funcgenom-research/mdmanurung/conda/envs/spvm/lib/python3.11/site-packages (from scanpy>=1.9.1->spVIPESmulti==1.0.0) (0.14.6)
Requirement already satisfied: umap-learn>=0.5.6 in /exports/archive/hg-funcgenom-research/mdmanurung/conda/envs/spvm/lib/python3.11/site-packages (from scanpy>=1.9.1->spVIPESmulti==1.0.0) (0.5.12)
Requirement already satisfied: contourpy>=1.0.1 in /exports/archive/hg-funcgenom-research/mdmanurung/conda/envs/spvm/lib/python3.11/site-packages (from matplotlib>=3.7.5->scanpy>=1.9.1->spVIPESmulti==1.0.0) (1.3.3)
Requirement already satisfied: cycler>=0.10 in /exports/archive/hg-funcgenom-research/mdmanurung/conda/envs/spvm/lib/python3.11/site-packages (from matplotlib>=3.7.5->scanpy>=1.9.1->spVIPESmulti==1.0.0) (0.12.1)
Requirement already satisfied: fonttools>=4.22.0 in /exports/archive/hg-funcgenom-research/mdmanurung/conda/envs/spvm/lib/python3.11/site-packages (from matplotlib>=3.7.5->scanpy>=1.9.1->spVIPESmulti==1.0.0) (4.62.1)
Requirement already satisfied: kiwisolver>=1.3.1 in /exports/archive/hg-funcgenom-research/mdmanurung/conda/envs/spvm/lib/python3.11/site-packages (from matplotlib>=3.7.5->scanpy>=1.9.1->spVIPESmulti==1.0.0) (1.5.0)
Requirement already satisfied: pillow>=8 in /exports/archive/hg-funcgenom-research/mdmanurung/conda/envs/spvm/lib/python3.11/site-packages (from matplotlib>=3.7.5->scanpy>=1.9.1->spVIPESmulti==1.0.0) (12.2.0)
Requirement already satisfied: pyparsing>=3 in /exports/archive/hg-funcgenom-research/mdmanurung/conda/envs/spvm/lib/python3.11/site-packages (from matplotlib>=3.7.5->scanpy>=1.9.1->spVIPESmulti==1.0.0) (3.3.2)
Requirement already satisfied: scikit-misc>=0.1.4 in /exports/archive/hg-funcgenom-research/mdmanurung/conda/envs/spvm/lib/python3.11/site-packages (from scanpy[skmisc]>=1.10->scvi-tools<2,>=1.0->spVIPESmulti==1.0.0) (0.5.2)
Requirement already satisfied: threadpoolctl>=3.2.0 in /exports/archive/hg-funcgenom-research/mdmanurung/conda/envs/spvm/lib/python3.11/site-packages (from scikit-learn->scvi-tools<2,>=1.0->spVIPESmulti==1.0.0) (3.6.0)
Collecting pybtex>=0.25 (from sphinxcontrib-bibtex>=1.0.0->spVIPESmulti==1.0.0)
  Downloading pybtex-0.26.1-py3-none-any.whl.metadata (1.9 kB)
Collecting pybtex-docutils>=1.0.2 (from sphinxcontrib-bibtex>=1.0.0->spVIPESmulti==1.0.0)
  Downloading pybtex_docutils-1.0.3-py3-none-any.whl.metadata (4.3 kB)
Collecting latexcodec>=1.0.4 (from pybtex>=0.25->sphinxcontrib-bibtex>=1.0.0->spVIPESmulti==1.0.0)
  Downloading latexcodec-3.0.1-py3-none-any.whl.metadata (5.2 kB)
Requirement already satisfied: mpmath<1.4,>=1.1.0 in /exports/archive/hg-funcgenom-research/mdmanurung/conda/envs/spvm/lib/python3.11/site-packages (from sympy>=1.13.3->torch->spVIPESmulti==1.0.0) (1.3.0)
Requirement already satisfied: readme-renderer>=35.0 in /exports/archive/hg-funcgenom-research/mdmanurung/conda/envs/spvm/lib/python3.11/site-packages (from twine>=4.0.2->spVIPESmulti==1.0.0) (44.0)
Requirement already satisfied: requests-toolbelt!=0.9.0,>=0.8.0 in /exports/archive/hg-funcgenom-research/mdmanurung/conda/envs/spvm/lib/python3.11/site-packages (from twine>=4.0.2->spVIPESmulti==1.0.0) (1.0.0)
Requirement already satisfied: keyring>=21.2.0 in /exports/archive/hg-funcgenom-research/mdmanurung/conda/envs/spvm/lib/python3.11/site-packages (from twine>=4.0.2->spVIPESmulti==1.0.0) (25.7.0)
Requirement already satisfied: rfc3986>=1.4.0 in /exports/archive/hg-funcgenom-research/mdmanurung/conda/envs/spvm/lib/python3.11/site-packages (from twine>=4.0.2->spVIPESmulti==1.0.0) (2.0.0)
Requirement already satisfied: id in /exports/archive/hg-funcgenom-research/mdmanurung/conda/envs/spvm/lib/python3.11/site-packages (from twine>=4.0.2->spVIPESmulti==1.0.0) (1.6.1)
Requirement already satisfied: SecretStorage>=3.2 in /exports/archive/hg-funcgenom-research/mdmanurung/conda/envs/spvm/lib/python3.11/site-packages (from keyring>=21.2.0->twine>=4.0.2->spVIPESmulti==1.0.0) (3.5.0)
Requirement already satisfied: jeepney>=0.4.2 in /exports/archive/hg-funcgenom-research/mdmanurung/conda/envs/spvm/lib/python3.11/site-packages (from keyring>=21.2.0->twine>=4.0.2->spVIPESmulti==1.0.0) (0.9.0)
Requirement already satisfied: importlib_metadata>=4.11.4 in /exports/archive/hg-funcgenom-research/mdmanurung/conda/envs/spvm/lib/python3.11/site-packages (from keyring>=21.2.0->twine>=4.0.2->spVIPESmulti==1.0.0) (8.8.0)
Requirement already satisfied: jaraco.classes in /exports/archive/hg-funcgenom-research/mdmanurung/conda/envs/spvm/lib/python3.11/site-packages (from keyring>=21.2.0->twine>=4.0.2->spVIPESmulti==1.0.0) (3.4.0)
Requirement already satisfied: jaraco.functools in /exports/archive/hg-funcgenom-research/mdmanurung/conda/envs/spvm/lib/python3.11/site-packages (from keyring>=21.2.0->twine>=4.0.2->spVIPESmulti==1.0.0) (4.4.0)
Requirement already satisfied: jaraco.context in /exports/archive/hg-funcgenom-research/mdmanurung/conda/envs/spvm/lib/python3.11/site-packages (from keyring>=21.2.0->twine>=4.0.2->spVIPESmulti==1.0.0) (6.1.2)
Requirement already satisfied: zipp>=3.20 in /exports/archive/hg-funcgenom-research/mdmanurung/conda/envs/spvm/lib/python3.11/site-packages (from importlib_metadata>=4.11.4->keyring>=21.2.0->twine>=4.0.2->spVIPESmulti==1.0.0) (3.23.1)
Requirement already satisfied: nh3>=0.2.14 in /exports/archive/hg-funcgenom-research/mdmanurung/conda/envs/spvm/lib/python3.11/site-packages (from readme-renderer>=35.0->twine>=4.0.2->spVIPESmulti==1.0.0) (0.3.5)
Requirement already satisfied: markdown-it-py>=2.2.0 in /exports/archive/hg-funcgenom-research/mdmanurung/conda/envs/spvm/lib/python3.11/site-packages (from rich->scvi-tools<2,>=1.0->spVIPESmulti==1.0.0) (4.2.0)
Requirement already satisfied: mdurl~=0.1 in /exports/archive/hg-funcgenom-research/mdmanurung/conda/envs/spvm/lib/python3.11/site-packages (from markdown-it-py>=2.2.0->rich->scvi-tools<2,>=1.0->spVIPESmulti==1.0.0) (0.1.2)
Requirement already satisfied: cryptography>=2.0 in /exports/archive/hg-funcgenom-research/mdmanurung/conda/envs/spvm/lib/python3.11/site-packages (from SecretStorage>=3.2->keyring>=21.2.0->twine>=4.0.2->spVIPESmulti==1.0.0) (48.0.0)
Requirement already satisfied: cffi>=2.0.0 in /exports/archive/hg-funcgenom-research/mdmanurung/conda/envs/spvm/lib/python3.11/site-packages (from cryptography>=2.0->SecretStorage>=3.2->keyring>=21.2.0->twine>=4.0.2->spVIPESmulti==1.0.0) (2.0.0)
Requirement already satisfied: pycparser in /exports/archive/hg-funcgenom-research/mdmanurung/conda/envs/spvm/lib/python3.11/site-packages (from cffi>=2.0.0->cryptography>=2.0->SecretStorage>=3.2->keyring>=21.2.0->twine>=4.0.2->spVIPESmulti==1.0.0) (2.22)
Requirement already satisfied: donfig>=0.8 in /exports/archive/hg-funcgenom-research/mdmanurung/conda/envs/spvm/lib/python3.11/site-packages (from zarr!=3.0.*,>=2.18.7->anndata>=0.10->spVIPESmulti==1.0.0) (0.8.1.post1)
Requirement already satisfied: google-crc32c>=1.5 in /exports/archive/hg-funcgenom-research/mdmanurung/conda/envs/spvm/lib/python3.11/site-packages (from zarr!=3.0.*,>=2.18.7->anndata>=0.10->spVIPESmulti==1.0.0) (1.8.0)
Requirement already satisfied: numcodecs>=0.14 in /exports/archive/hg-funcgenom-research/mdmanurung/conda/envs/spvm/lib/python3.11/site-packages (from zarr!=3.0.*,>=2.18.7->anndata>=0.10->spVIPESmulti==1.0.0) (0.16.5)
Requirement already satisfied: soupsieve>=1.6.1 in /exports/archive/hg-funcgenom-research/mdmanurung/conda/envs/spvm/lib/python3.11/site-packages (from beautifulsoup4->furo>=2023.3.27->spVIPESmulti==1.0.0) (2.8.3)
Requirement already satisfied: comm>=0.1.1 in /exports/archive/hg-funcgenom-research/mdmanurung/conda/envs/spvm/lib/python3.11/site-packages (from ipykernel->spVIPESmulti==1.0.0) (0.2.3)
Requirement already satisfied: debugpy>=1.6.5 in /exports/archive/hg-funcgenom-research/mdmanurung/conda/envs/spvm/lib/python3.11/site-packages (from ipykernel->spVIPESmulti==1.0.0) (1.8.20)
Requirement already satisfied: jupyter-client>=8.8.0 in /exports/archive/hg-funcgenom-research/mdmanurung/conda/envs/spvm/lib/python3.11/site-packages (from ipykernel->spVIPESmulti==1.0.0) (8.8.0)
Requirement already satisfied: jupyter-core!=6.0.*,>=5.1 in /exports/archive/hg-funcgenom-research/mdmanurung/conda/envs/spvm/lib/python3.11/site-packages (from ipykernel->spVIPESmulti==1.0.0) (5.9.1)
Requirement already satisfied: matplotlib-inline>=0.1 in /exports/archive/hg-funcgenom-research/mdmanurung/conda/envs/spvm/lib/python3.11/site-packages (from ipykernel->spVIPESmulti==1.0.0) (0.2.2)
Requirement already satisfied: nest-asyncio>=1.4 in /exports/archive/hg-funcgenom-research/mdmanurung/conda/envs/spvm/lib/python3.11/site-packages (from ipykernel->spVIPESmulti==1.0.0) (1.6.0)
Requirement already satisfied: psutil>=5.7 in /exports/archive/hg-funcgenom-research/mdmanurung/conda/envs/spvm/lib/python3.11/site-packages (from ipykernel->spVIPESmulti==1.0.0) (7.2.2)
Requirement already satisfied: pyzmq>=25 in /exports/archive/hg-funcgenom-research/mdmanurung/conda/envs/spvm/lib/python3.11/site-packages (from ipykernel->spVIPESmulti==1.0.0) (27.1.0)
Requirement already satisfied: tornado>=6.4.1 in /exports/archive/hg-funcgenom-research/mdmanurung/conda/envs/spvm/lib/python3.11/site-packages (from ipykernel->spVIPESmulti==1.0.0) (6.5.5)
Requirement already satisfied: traitlets>=5.4.0 in /exports/archive/hg-funcgenom-research/mdmanurung/conda/envs/spvm/lib/python3.11/site-packages (from ipykernel->spVIPESmulti==1.0.0) (5.15.0)
Requirement already satisfied: decorator>=5.1.0 in /exports/archive/hg-funcgenom-research/mdmanurung/conda/envs/spvm/lib/python3.11/site-packages (from ipython->spVIPESmulti==1.0.0) (5.2.1)
Requirement already satisfied: ipython-pygments-lexers>=1.0.0 in /exports/archive/hg-funcgenom-research/mdmanurung/conda/envs/spvm/lib/python3.11/site-packages (from ipython->spVIPESmulti==1.0.0) (1.1.1)
Requirement already satisfied: jedi>=0.18.2 in /exports/archive/hg-funcgenom-research/mdmanurung/conda/envs/spvm/lib/python3.11/site-packages (from ipython->spVIPESmulti==1.0.0) (0.19.2)
Requirement already satisfied: pexpect>4.6 in /exports/archive/hg-funcgenom-research/mdmanurung/conda/envs/spvm/lib/python3.11/site-packages (from ipython->spVIPESmulti==1.0.0) (4.9.0)
Requirement already satisfied: prompt_toolkit<3.1.0,>=3.0.41 in /exports/archive/hg-funcgenom-research/mdmanurung/conda/envs/spvm/lib/python3.11/site-packages (from ipython->spVIPESmulti==1.0.0) (3.0.52)
Requirement already satisfied: stack_data>=0.6.0 in /exports/archive/hg-funcgenom-research/mdmanurung/conda/envs/spvm/lib/python3.11/site-packages (from ipython->spVIPESmulti==1.0.0) (0.6.3)
Requirement already satisfied: wcwidth in /exports/archive/hg-funcgenom-research/mdmanurung/conda/envs/spvm/lib/python3.11/site-packages (from prompt_toolkit<3.1.0,>=3.0.41->ipython->spVIPESmulti==1.0.0) (0.7.0)
Requirement already satisfied: parso<0.9.0,>=0.8.4 in /exports/archive/hg-funcgenom-research/mdmanurung/conda/envs/spvm/lib/python3.11/site-packages (from jedi>=0.18.2->ipython->spVIPESmulti==1.0.0) (0.8.7)
Requirement already satisfied: platformdirs>=2.5 in /exports/archive/hg-funcgenom-research/mdmanurung/conda/envs/spvm/lib/python3.11/site-packages (from jupyter-core!=6.0.*,>=5.1->ipykernel->spVIPESmulti==1.0.0) (4.9.6)
Requirement already satisfied: ptyprocess>=0.5 in /exports/archive/hg-funcgenom-research/mdmanurung/conda/envs/spvm/lib/python3.11/site-packages (from pexpect>4.6->ipython->spVIPESmulti==1.0.0) (0.7.0)
Requirement already satisfied: executing>=1.2.0 in /exports/archive/hg-funcgenom-research/mdmanurung/conda/envs/spvm/lib/python3.11/site-packages (from stack_data>=0.6.0->ipython->spVIPESmulti==1.0.0) (2.2.1)
Requirement already satisfied: asttokens>=2.1.0 in /exports/archive/hg-funcgenom-research/mdmanurung/conda/envs/spvm/lib/python3.11/site-packages (from stack_data>=0.6.0->ipython->spVIPESmulti==1.0.0) (3.0.1)
Requirement already satisfied: pure_eval in /exports/archive/hg-funcgenom-research/mdmanurung/conda/envs/spvm/lib/python3.11/site-packages (from stack_data>=0.6.0->ipython->spVIPESmulti==1.0.0) (0.2.3)
Requirement already satisfied: more-itertools in /exports/archive/hg-funcgenom-research/mdmanurung/conda/envs/spvm/lib/python3.11/site-packages (from jaraco.classes->keyring>=21.2.0->twine>=4.0.2->spVIPESmulti==1.0.0) (11.0.2)
Requirement already satisfied: backports.tarfile in /exports/archive/hg-funcgenom-research/mdmanurung/conda/envs/spvm/lib/python3.11/site-packages (from jaraco.context->keyring>=21.2.0->twine>=4.0.2->spVIPESmulti==1.0.0) (1.2.0)
Collecting legendkit (from marsilea->decoupler>=1.9.2->spVIPESmulti==1.0.0)
  Downloading legendkit-0.4.1-py3-none-any.whl.metadata (3.1 kB)
Requirement already satisfied: absl-py in /exports/archive/hg-funcgenom-research/mdmanurung/conda/envs/spvm/lib/python3.11/site-packages (from ml-collections->scvi-tools<2,>=1.0->spVIPESmulti==1.0.0) (2.4.0)
Collecting jupyter-cache>=0.5 (from myst-nb->spVIPESmulti==1.0.0)
  Downloading jupyter_cache-1.0.1-py3-none-any.whl.metadata (5.8 kB)
Requirement already satisfied: nbclient in /exports/archive/hg-funcgenom-research/mdmanurung/conda/envs/spvm/lib/python3.11/site-packages (from myst-nb->spVIPESmulti==1.0.0) (0.10.4)
Collecting myst-parser>=1.0.0 (from myst-nb->spVIPESmulti==1.0.0)
  Downloading myst_parser-5.1.0-py3-none-any.whl.metadata (5.6 kB)
Requirement already satisfied: nbformat>=5.0 in /exports/archive/hg-funcgenom-research/mdmanurung/conda/envs/spvm/lib/python3.11/site-packages (from myst-nb->spVIPESmulti==1.0.0) (5.10.4)
Collecting click (from jupyter-cache>=0.5->myst-nb->spVIPESmulti==1.0.0)
  Downloading click-8.3.3-py3-none-any.whl.metadata (2.6 kB)
Collecting sqlalchemy<3,>=1.3.12 (from jupyter-cache>=0.5->myst-nb->spVIPESmulti==1.0.0)
  Downloading sqlalchemy-2.0.49-cp311-cp311-manylinux2014_x86_64.manylinux_2_17_x86_64.manylinux_2_28_x86_64.whl.metadata (9.5 kB)
Collecting tabulate (from jupyter-cache>=0.5->myst-nb->spVIPESmulti==1.0.0)
  Downloading tabulate-0.10.0-py3-none-any.whl.metadata (40 kB)
Collecting greenlet>=1 (from sqlalchemy<3,>=1.3.12->jupyter-cache>=0.5->myst-nb->spVIPESmulti==1.0.0)
  Downloading greenlet-3.5.0-cp311-cp311-manylinux_2_24_x86_64.manylinux_2_28_x86_64.whl.metadata (3.7 kB)
Collecting mdit-py-plugins>=0.6.1,~=0.6 (from myst-parser>=1.0.0->myst-nb->spVIPESmulti==1.0.0)
  Downloading mdit_py_plugins-0.6.1-py3-none-any.whl.metadata (2.9 kB)
Requirement already satisfied: fastjsonschema>=2.15 in /exports/archive/hg-funcgenom-research/mdmanurung/conda/envs/spvm/lib/python3.11/site-packages (from nbformat>=5.0->myst-nb->spVIPESmulti==1.0.0) (2.21.2)
Requirement already satisfied: jsonschema>=2.6 in /exports/archive/hg-funcgenom-research/mdmanurung/conda/envs/spvm/lib/python3.11/site-packages (from nbformat>=5.0->myst-nb->spVIPESmulti==1.0.0) (4.26.0)
Requirement already satisfied: jsonschema-specifications>=2023.03.6 in /exports/archive/hg-funcgenom-research/mdmanurung/conda/envs/spvm/lib/python3.11/site-packages (from jsonschema>=2.6->nbformat>=5.0->myst-nb->spVIPESmulti==1.0.0) (2025.9.1)
Requirement already satisfied: referencing>=0.28.4 in /exports/archive/hg-funcgenom-research/mdmanurung/conda/envs/spvm/lib/python3.11/site-packages (from jsonschema>=2.6->nbformat>=5.0->myst-nb->spVIPESmulti==1.0.0) (0.37.0)
Requirement already satisfied: rpds-py>=0.25.0 in /exports/archive/hg-funcgenom-research/mdmanurung/conda/envs/spvm/lib/python3.11/site-packages (from jsonschema>=2.6->nbformat>=5.0->myst-nb->spVIPESmulti==1.0.0) (0.30.0)
Collecting pyarrow>=10.0.1 (from pandas[parquet]->marsilea->decoupler>=1.9.2->spVIPESmulti==1.0.0)
  Downloading pyarrow-24.0.0-cp311-cp311-manylinux_2_28_x86_64.whl.metadata (3.0 kB)
Requirement already satisfied: cfgv>=2.0.0 in /exports/archive/hg-funcgenom-research/mdmanurung/conda/envs/spvm/lib/python3.11/site-packages (from pre-commit->spVIPESmulti==1.0.0) (3.5.0)
Requirement already satisfied: identify>=1.0.0 in /exports/archive/hg-funcgenom-research/mdmanurung/conda/envs/spvm/lib/python3.11/site-packages (from pre-commit->spVIPESmulti==1.0.0) (2.6.19)
Requirement already satisfied: nodeenv>=0.11.1 in /exports/archive/hg-funcgenom-research/mdmanurung/conda/envs/spvm/lib/python3.11/site-packages (from pre-commit->spVIPESmulti==1.0.0) (1.10.0)
Requirement already satisfied: virtualenv>=20.10.0 in /exports/archive/hg-funcgenom-research/mdmanurung/conda/envs/spvm/lib/python3.11/site-packages (from pre-commit->spVIPESmulti==1.0.0) (21.3.2)
Requirement already satisfied: distlib<1,>=0.3.7 in /exports/archive/hg-funcgenom-research/mdmanurung/conda/envs/spvm/lib/python3.11/site-packages (from virtualenv>=20.10.0->pre-commit->spVIPESmulti==1.0.0) (0.4.0)
Requirement already satisfied: python-discovery>=1.2.2 in /exports/archive/hg-funcgenom-research/mdmanurung/conda/envs/spvm/lib/python3.11/site-packages (from virtualenv>=20.10.0->pre-commit->spVIPESmulti==1.0.0) (1.3.1)
Requirement already satisfied: opt-einsum>=2.3.2 in /exports/archive/hg-funcgenom-research/mdmanurung/conda/envs/spvm/lib/python3.11/site-packages (from pyro-ppl->scvi-tools<2,>=1.0->spVIPESmulti==1.0.0) (3.4.0)
Requirement already satisfied: pyro-api>=0.1.1 in /exports/archive/hg-funcgenom-research/mdmanurung/conda/envs/spvm/lib/python3.11/site-packages (from pyro-ppl->scvi-tools<2,>=1.0->spVIPESmulti==1.0.0) (0.1.2)
Requirement already satisfied: iniconfig>=1.0.1 in /exports/archive/hg-funcgenom-research/mdmanurung/conda/envs/spvm/lib/python3.11/site-packages (from pytest->spVIPESmulti==1.0.0) (2.3.0)
Requirement already satisfied: pluggy<2,>=1.5 in /exports/archive/hg-funcgenom-research/mdmanurung/conda/envs/spvm/lib/python3.11/site-packages (from pytest->spVIPESmulti==1.0.0) (1.6.0)
Requirement already satisfied: coverage>=7.10.6 in /exports/archive/hg-funcgenom-research/mdmanurung/conda/envs/spvm/lib/python3.11/site-packages (from coverage[toml]>=7.10.6->pytest-cov->spVIPESmulti==1.0.0) (7.14.0)
Requirement already satisfied: stdlib_list in /exports/archive/hg-funcgenom-research/mdmanurung/conda/envs/spvm/lib/python3.11/site-packages (from session-info->spVIPESmulti==1.0.0) (0.12.0)
Requirement already satisfied: grpcio>=1.48.2 in /exports/archive/hg-funcgenom-research/mdmanurung/conda/envs/spvm/lib/python3.11/site-packages (from tensorboard->scvi-tools<2,>=1.0->spVIPESmulti==1.0.0) (1.80.0)
Requirement already satisfied: markdown>=2.6.8 in /exports/archive/hg-funcgenom-research/mdmanurung/conda/envs/spvm/lib/python3.11/site-packages (from tensorboard->scvi-tools<2,>=1.0->spVIPESmulti==1.0.0) (3.10.2)
Requirement already satisfied: protobuf!=4.24.0,>=3.19.6 in /exports/archive/hg-funcgenom-research/mdmanurung/conda/envs/spvm/lib/python3.11/site-packages (from tensorboard->scvi-tools<2,>=1.0->spVIPESmulti==1.0.0) (7.34.1)
Requirement already satisfied: tensorboard-data-server<0.8.0,>=0.7.0 in /exports/archive/hg-funcgenom-research/mdmanurung/conda/envs/spvm/lib/python3.11/site-packages (from tensorboard->scvi-tools<2,>=1.0->spVIPESmulti==1.0.0) (0.7.2)
Requirement already satisfied: werkzeug>=1.0.1 in /exports/archive/hg-funcgenom-research/mdmanurung/conda/envs/spvm/lib/python3.11/site-packages (from tensorboard->scvi-tools<2,>=1.0->spVIPESmulti==1.0.0) (3.1.8)
Downloading decoupler-2.1.6-py3-none-any.whl (121 kB)
Downloading furo-2025.12.19-py3-none-any.whl (339 kB)
Downloading sphinx-9.0.4-py3-none-any.whl (3.9 MB)
   ━━━━━━━━━━━━━━━━━━━━━━━━━━━━━━━━━━━━━━━━ 3.9/3.9 MB 40.7 MB/s  0:00:00
Downloading accessible_pygments-0.0.5-py3-none-any.whl (1.4 MB)
   ━━━━━━━━━━━━━━━━━━━━━━━━━━━━━━━━━━━━━━━━ 1.4/1.4 MB 23.1 MB/s  0:00:00
Downloading alabaster-1.0.0-py3-none-any.whl (13 kB)
Downloading imagesize-2.0.0-py2.py3-none-any.whl (9.4 kB)
Downloading roman_numerals-4.1.0-py3-none-any.whl (7.7 kB)
Downloading snowballstemmer-3.0.1-py3-none-any.whl (103 kB)
Downloading sphinx_basic_ng-1.0.0b2-py3-none-any.whl (22 kB)
Downloading sphinxcontrib_applehelp-2.0.0-py3-none-any.whl (119 kB)
Downloading sphinxcontrib_bibtex-2.7.0-py3-none-any.whl (40 kB)
Downloading pybtex-0.26.1-py3-none-any.whl (126 kB)
Downloading latexcodec-3.0.1-py3-none-any.whl (18 kB)
Downloading pybtex_docutils-1.0.3-py3-none-any.whl (6.4 kB)
Downloading sphinxcontrib_devhelp-2.0.0-py3-none-any.whl (82 kB)
Downloading sphinxcontrib_htmlhelp-2.1.0-py3-none-any.whl (98 kB)
Downloading sphinxcontrib_jsmath-1.0.1-py2.py3-none-any.whl (5.1 kB)
Downloading sphinxcontrib_qthelp-2.0.0-py3-none-any.whl (88 kB)
Downloading sphinxcontrib_serializinghtml-2.0.0-py3-none-any.whl (92 kB)
Downloading adjustText-1.3.0-py3-none-any.whl (13 kB)
Downloading marsilea-0.6.0-py3-none-any.whl (86 kB)
Downloading legendkit-0.4.1-py3-none-any.whl (27 kB)
Downloading myst_nb-1.4.0-py3-none-any.whl (82 kB)
Downloading jupyter_cache-1.0.1-py3-none-any.whl (33 kB)
Downloading sqlalchemy-2.0.49-cp311-cp311-manylinux2014_x86_64.manylinux_2_17_x86_64.manylinux_2_28_x86_64.whl (3.3 MB)
   ━━━━━━━━━━━━━━━━━━━━━━━━━━━━━━━━━━━━━━━━ 3.3/3.3 MB 43.9 MB/s  0:00:00
Downloading greenlet-3.5.0-cp311-cp311-manylinux_2_24_x86_64.manylinux_2_28_x86_64.whl (615 kB)
   ━━━━━━━━━━━━━━━━━━━━━━━━━━━━━━━━━━━━━━━━ 615.2/615.2 kB 8.2 MB/s  0:00:00
Downloading myst_parser-5.1.0-py3-none-any.whl (85 kB)
Downloading mdit_py_plugins-0.6.1-py3-none-any.whl (66 kB)
Downloading click-8.3.3-py3-none-any.whl (110 kB)
Downloading pyarrow-24.0.0-cp311-cp311-manylinux_2_28_x86_64.whl (48.8 MB)
   ━━━━━━━━━━━━━━━━━━━━━━━━━━━━━━━━━━━━━━━━ 48.8/48.8 MB 99.0 MB/s  0:00:00
Downloading sphinx_autodoc_typehints-3.6.1-py3-none-any.whl (20 kB)
Downloading sphinx_copybutton-0.5.2-py3-none-any.whl (13 kB)
Downloading sphinxext_opengraph-0.13.0-py3-none-any.whl (1.0 MB)
   ━━━━━━━━━━━━━━━━━━━━━━━━━━━━━━━━━━━━━━━━ 1.0/1.0 MB 17.9 MB/s  0:00:00
Downloading tabulate-0.10.0-py3-none-any.whl (39 kB)
Building wheels for collected packages: spVIPESmulti
  Building editable for spVIPESmulti (pyproject.toml): started
  Building editable for spVIPESmulti (pyproject.toml): finished with status 'done'
  Created wheel for spVIPESmulti: filename=spvipesmulti-1.0.0-py3-none-any.whl size=14687 sha256=3b57f6b1b64eb5656809a5a50508a49d130676c3bea6c2a43516054a127c7425
  Stored in directory: /tmp/pip-ephem-wheel-cache-uc4dldxj/wheels/29/16/fe/2234be04d695c3275598bed148429db7252bb3a8981eaff8c8
Successfully built spVIPESmulti
Installing collected packages: tabulate, sphinxcontrib-serializinghtml, sphinxcontrib-qthelp, sphinxcontrib-jsmath, sphinxcontrib-htmlhelp, sphinxcontrib-devhelp, sphinxcontrib-applehelp, snowballstemmer, roman-numerals, pyarrow, latexcodec, imagesize, greenlet, click, alabaster, accessible-pygments, sqlalchemy, sphinx, pybtex, mdit-py-plugins, sphinxext-opengraph, sphinx-copybutton, sphinx-basic-ng, sphinx-autodoc-typehints, pybtex-docutils, myst-parser, legendkit, adjusttext, sphinxcontrib-bibtex, marsilea, furo, decoupler, jupyter-cache, myst-nb, spVIPESmulti
  Attempting uninstall: spVIPESmulti
    Found existing installation: spVIPESmulti 1.0.0
    Uninstalling spVIPESmulti-1.0.0:
      Successfully uninstalled spVIPESmulti-1.0.0

Successfully installed accessible-pygments-0.0.5 adjusttext-1.3.0 alabaster-1.0.0 click-8.3.3 decoupler-2.1.6 furo-2025.12.19 greenlet-3.5.0 imagesize-2.0.0 jupyter-cache-1.0.1 latexcodec-3.0.1 legendkit-0.4.1 marsilea-0.6.0 mdit-py-plugins-0.6.1 myst-nb-1.4.0 myst-parser-5.1.0 pyarrow-24.0.0 pybtex-0.26.1 pybtex-docutils-1.0.3 roman-numerals-4.1.0 snowballstemmer-3.0.1 spVIPESmulti-1.0.0 sphinx-9.0.4 sphinx-autodoc-typehints-3.6.1 sphinx-basic-ng-1.0.0b2 sphinx-copybutton-0.5.2 sphinxcontrib-applehelp-2.0.0 sphinxcontrib-bibtex-2.7.0 sphinxcontrib-devhelp-2.0.0 sphinxcontrib-htmlhelp-2.1.0 sphinxcontrib-jsmath-1.0.1 sphinxcontrib-qthelp-2.0.0 sphinxcontrib-serializinghtml-2.0.0 sphinxext-opengraph-0.13.0 sqlalchemy-2.0.49 tabulate-0.10.0

