/exports/archive/hg-funcgenom-research/mdmanurung/conda/envs/spvm/lib/python3.11/site-packages/anndata/experimental/__init__.py:48: FutureWarning: Importing read_elem from `anndata.experimental` is deprecated. Import anndata.io.read_elem instead.
  return module_get_attr_redirect(
/exports/archive/hg-funcgenom-research/mdmanurung/conda/envs/spvm/lib/python3.11/site-packages/scvi/data/fields/_base_field.py:63: UserWarning: adata.X does not contain unnormalized count data. Are you sure this is what you want?
  self.validate_field(adata)
/exports/archive/hg-funcgenom-research/mdmanurung/conda/envs/spvm/lib/python3.11/site-packages/scvi/data/fields/_dataframe_field.py:187: UserWarning: Category 0 in adata.obs['_scvi_indices'] has fewer than 3 cells. Models may not train properly.
  categorical_mapping = _make_column_categorical(
/exports/archive/hg-funcgenom-research/mdmanurung/conda/envs/spvm/lib/python3.11/site-packages/lightning/fabric/plugins/environments/slurm.py:204: The `srun` command is available on your system but is not used. HINT: If your intention is to run Lightning on SLURM, prepend your python command with `srun` like so: srun python audits/SCVI_EXTENSION_AUDIT/scripts/profile_tiny_tra ...
GPU available: True (cuda), used: False
TPU available: False, using: 0 TPU cores
/exports/archive/hg-funcgenom-research/mdmanurung/conda/envs/spvm/lib/python3.11/site-packages/lightning/pytorch/trainer/setup.py:175: GPU available but not used. You can set it by doing `Trainer(accelerator='gpu')`.
💡 Tip: For seamless cloud logging and experiment tracking, try installing [litlogger](https://pypi.org/project/litlogger/) to enable LitLogger, which logs metrics and artifacts automatically to the Lightning Experiments platform.
/exports/archive/hg-funcgenom-research/mdmanurung/conda/envs/spvm/lib/python3.11/site-packages/lightning/fabric/plugins/environments/slurm.py:204: The `srun` command is available on your system but is not used. HINT: If your intention is to run Lightning on SLURM, prepend your python command with `srun` like so: srun python audits/SCVI_EXTENSION_AUDIT/scripts/profile_tiny_tra ...
/exports/archive/hg-funcgenom-research/mdmanurung/conda/envs/spvm/lib/python3.11/site-packages/lightning/pytorch/utilities/_pytree.py:21: `isinstance(treespec, LeafSpec)` is deprecated, use `isinstance(treespec, TreeSpec) and treespec.is_leaf()` instead.
/exports/para-lipg-hpc/mdmanurung/spVIPESmulti/src/spVIPESmulti/module/spVIPESmultimodule.py:1718: UserWarning: The value argument must be within the support of the distribution
  recon_loss = -generative_outputs["private_poe"][str(g)]["px"].log_prob(x_target).sum(-1)
`Trainer.fit` stopped: `max_epochs=1` reached.
FIT Profiler Report

----------------------------------------------------------------------------------------------------------------------------------------------------------------------------------
|  Action                                                                 	|  Mean duration (s)	|  Num calls      	|  Total time (s) 	|  Percentage %   	|
----------------------------------------------------------------------------------------------------------------------------------------------------------------------------------
|  Total                                                                  	|  -              	|  87             	|  0.57808        	|  100 %          	|
----------------------------------------------------------------------------------------------------------------------------------------------------------------------------------
|  run_training_epoch                                                     	|  0.55199        	|  1              	|  0.55199        	|  95.487         	|
|  run_training_batch                                                     	|  0.17228        	|  3              	|  0.51683        	|  89.405         	|
|  [LightningModule]SpVIPESmultiTrainingPlan.optimizer_step               	|  0.17206        	|  3              	|  0.51618        	|  89.292         	|
|  [Strategy]SingleDeviceStrategy.training_step                           	|  0.13369        	|  3              	|  0.40107        	|  69.379         	|
|  [Strategy]SingleDeviceStrategy.backward                                	|  0.034232       	|  3              	|  0.1027         	|  17.765         	|
|  [Strategy]SingleDeviceStrategy.validation_step                         	|  0.015895       	|  1              	|  0.015895       	|  2.7496         	|
|  [_EvaluationLoop].val_next                                             	|  0.0080941      	|  1              	|  0.0080941      	|  1.4002         	|
|  [_TrainingEpochLoop].train_dataloader_next                             	|  0.0020639      	|  3              	|  0.0061918      	|  1.0711         	|
|  [LightningDataModule]MultiGroupDataSplitter.train_dataloader           	|  0.0046061      	|  1              	|  0.0046061      	|  0.79679        	|
|  [LightningDataModule]MultiGroupDataSplitter.val_dataloader             	|  0.0041837      	|  1              	|  0.0041837      	|  0.72373        	|
|  [LightningModule]SpVIPESmultiTrainingPlan.configure_gradient_clipping  	|  0.000791       	|  3              	|  0.002373       	|  0.41049        	|
|  [LightningModule]SpVIPESmultiTrainingPlan.optimizer_zero_grad          	|  0.00013318     	|  3              	|  0.00039953     	|  0.069113       	|
|  [LightningModule]SpVIPESmultiTrainingPlan.configure_optimizers         	|  0.000389       	|  1              	|  0.000389       	|  0.067291       	|
|  [LightningModule]SpVIPESmultiTrainingPlan.on_validation_model_zero_grad	|  0.00036546     	|  1              	|  0.00036546     	|  0.063219       	|
|  [LightningModule]SpVIPESmultiTrainingPlan.on_validation_model_eval     	|  0.00036546     	|  1              	|  0.00036546     	|  0.063219       	|
|  [Strategy]SingleDeviceStrategy.batch_to_device                         	|  8.6406e-05     	|  4              	|  0.00034562     	|  0.059788       	|
|  [LightningDataModule]MultiGroupDataSplitter.setup                      	|  0.0003154      	|  1              	|  0.0003154      	|  0.05456        	|
|  [LightningModule]SpVIPESmultiTrainingPlan.transfer_batch_to_device     	|  3.7081e-05     	|  4              	|  0.00014832     	|  0.025658       	|
|  [LightningModule]SpVIPESmultiTrainingPlan.on_after_backward            	|  2.3476e-06     	|  3              	|  7.0427e-06     	|  0.0012183      	|
|  [LightningModule]SpVIPESmultiTrainingPlan.on_before_batch_transfer     	|  1.7118e-06     	|  4              	|  6.8471e-06     	|  0.0011845      	|
|  [LightningModule]SpVIPESmultiTrainingPlan.on_train_batch_end           	|  1.5975e-06     	|  3              	|  4.7926e-06     	|  0.00082905     	|
|  [LightningModule]SpVIPESmultiTrainingPlan.on_before_zero_grad          	|  1.5516e-06     	|  3              	|  4.6548e-06     	|  0.00080521     	|
|  [LightningModule]SpVIPESmultiTrainingPlan.on_after_batch_transfer      	|  1.0701e-06     	|  4              	|  4.2804e-06     	|  0.00074044     	|
|  [LightningModule]SpVIPESmultiTrainingPlan.on_before_optimizer_step     	|  1.3988e-06     	|  3              	|  4.1965e-06     	|  0.00072594     	|
|  [LightningModule]SpVIPESmultiTrainingPlan.on_train_start               	|  4.1686e-06     	|  1              	|  4.1686e-06     	|  0.00072111     	|
|  [LightningModule]SpVIPESmultiTrainingPlan.configure_callbacks          	|  3.6601e-06     	|  1              	|  3.6601e-06     	|  0.00063315     	|
|  [LightningModule]SpVIPESmultiTrainingPlan.on_train_batch_start         	|  1.1654e-06     	|  3              	|  3.4962e-06     	|  0.00060479     	|
|  [LightningModule]SpVIPESmultiTrainingPlan.on_fit_start                 	|  3.0305e-06     	|  1              	|  3.0305e-06     	|  0.00052424     	|
|  [LightningModule]SpVIPESmultiTrainingPlan.on_before_backward           	|  9.9652e-07     	|  3              	|  2.9895e-06     	|  0.00051715     	|
|  [Strategy]SingleDeviceStrategy.on_train_batch_start                    	|  9.3877e-07     	|  3              	|  2.8163e-06     	|  0.00048718     	|
|  [Strategy]SingleDeviceStrategy.on_train_start                          	|  2.5015e-06     	|  1              	|  2.5015e-06     	|  0.00043273     	|
|  [LightningModule]SpVIPESmultiTrainingPlan.on_fit_end                   	|  1.8515e-06     	|  1              	|  1.8515e-06     	|  0.00032028     	|
|  [LightningModule]SpVIPESmultiTrainingPlan.setup                        	|  1.8496e-06     	|  1              	|  1.8496e-06     	|  0.00031996     	|
|  [LightningModule]SpVIPESmultiTrainingPlan.on_validation_epoch_end      	|  1.7751e-06     	|  1              	|  1.7751e-06     	|  0.00030707     	|
|  [LightningModule]SpVIPESmultiTrainingPlan.on_validation_batch_end      	|  1.587e-06      	|  1              	|  1.587e-06      	|  0.00027452     	|
|  [LightningModule]SpVIPESmultiTrainingPlan.on_validation_end            	|  1.5814e-06     	|  1              	|  1.5814e-06     	|  0.00027356     	|
|  [LightningDataModule]MultiGroupDataSplitter.teardown                   	|  1.5721e-06     	|  1              	|  1.5721e-06     	|  0.00027195     	|
|  [LightningModule]SpVIPESmultiTrainingPlan.on_train_epoch_end           	|  1.4305e-06     	|  1              	|  1.4305e-06     	|  0.00024746     	|
|  [LightningModule]SpVIPESmultiTrainingPlan.on_train_epoch_start         	|  1.3541e-06     	|  1              	|  1.3541e-06     	|  0.00023425     	|
|  [LightningModule]SpVIPESmultiTrainingPlan.on_train_end                 	|  1.3523e-06     	|  1              	|  1.3523e-06     	|  0.00023393     	|
|  [LightningModule]SpVIPESmultiTrainingPlan.on_validation_batch_start    	|  1.2927e-06     	|  1              	|  1.2927e-06     	|  0.00022361     	|
|  [LightningModule]SpVIPESmultiTrainingPlan.on_validation_start          	|  1.2591e-06     	|  1              	|  1.2591e-06     	|  0.00021782     	|
|  [Strategy]SingleDeviceStrategy.on_validation_start                     	|  1.1753e-06     	|  1              	|  1.1753e-06     	|  0.00020332     	|
|  [Strategy]SingleDeviceStrategy.on_validation_end                       	|  1.1399e-06     	|  1              	|  1.1399e-06     	|  0.00019719     	|
|  [LightningModule]SpVIPESmultiTrainingPlan.teardown                     	|  1.0487e-06     	|  1              	|  1.0487e-06     	|  0.00018141     	|
|  [Strategy]SingleDeviceStrategy.on_train_end                            	|  9.9652e-07     	|  1              	|  9.9652e-07     	|  0.00017238     	|
|  [LightningModule]SpVIPESmultiTrainingPlan.on_validation_epoch_start    	|  9.7416e-07     	|  1              	|  9.7416e-07     	|  0.00016852     	|
----------------------------------------------------------------------------------------------------------------------------------------------------------------------------------


INFO     spVIPESmulti: === spVIPESmulti AnnData Setup ===                       
INFO     spVIPESmulti: Setting up with groups_key: 'groups'                     
INFO     spVIPESmulti: Labels: Using 'celltype' from adata.obs                  
INFO     spVIPESmulti: --- Product of Experts (PoE) Configuration ---           
INFO     spVIPESmulti: Will use: Label-based PoE                                
INFO     spVIPESmulti: The model has been initialized                           

